Archive member included to satisfy reference by file (symbol)

app/libapp.a(main.c.obj)      (--whole-archive)
zephyr/libzephyr.a(validate_libc.c.obj)
                              (--whole-archive)
zephyr/libzephyr.a(heap.c.obj)
                              (--whole-archive)
zephyr/libzephyr.a(cbprintf_packaged.c.obj)
                              (--whole-archive)
zephyr/libzephyr.a(clock.c.obj)
                              (--whole-archive)
zephyr/libzephyr.a(printk.c.obj)
                              (--whole-archive)
zephyr/libzephyr.a(sem.c.obj)
                              (--whole-archive)
zephyr/libzephyr.a(thread_entry.c.obj)
                              (--whole-archive)
zephyr/libzephyr.a(cbprintf_complete.c.obj)
                              (--whole-archive)
zephyr/libzephyr.a(assert.c.obj)
                              (--whole-archive)
zephyr/libzephyr.a(dec.c.obj)
                              (--whole-archive)
zephyr/libzephyr.a(hex.c.obj)
                              (--whole-archive)
zephyr/libzephyr.a(rb.c.obj)  (--whole-archive)
zephyr/libzephyr.a(timeutil.c.obj)
                              (--whole-archive)
zephyr/libzephyr.a(bitarray.c.obj)
                              (--whole-archive)
zephyr/libzephyr.a(bitmask.c.obj)
                              (--whole-archive)
zephyr/libzephyr.a(onoff.c.obj)
                              (--whole-archive)
zephyr/libzephyr.a(notify.c.obj)
                              (--whole-archive)
zephyr/libzephyr.a(ring_buffer.c.obj)
                              (--whole-archive)
zephyr/libzephyr.a(last_section_id.c.obj)
                              (--whole-archive)
zephyr/libzephyr.a(configs.c.obj)
                              (--whole-archive)
zephyr/libzephyr.a(tracing_none.c.obj)
                              (--whole-archive)
zephyr/libzephyr.a(lis2mdl_reg.c.obj)
                              (--whole-archive)
zephyr/arch/common/libarch__common.a(sw_isr_common.c.obj)
                              (--whole-archive)
zephyr/arch/common/libarch__common.a(init.c.obj)
                              (--whole-archive)
zephyr/arch/common/libarch__common.a(xip.c.obj)
                              (--whole-archive)
zephyr/arch/arch/arm/core/libarch__arm__core.a(fatal.c.obj)
                              (--whole-archive)
zephyr/arch/arch/arm/core/libarch__arm__core.a(nmi.c.obj)
                              (--whole-archive)
zephyr/arch/arch/arm/core/libarch__arm__core.a(nmi_on_reset.S.obj)
                              (--whole-archive)
zephyr/arch/arch/arm/core/libarch__arm__core.a(tls.c.obj)
                              (--whole-archive)
zephyr/arch/arch/arm/core/cortex_m/libarch__arm__core__cortex_m.a(exc_exit.c.obj)
                              (--whole-archive)
zephyr/arch/arch/arm/core/cortex_m/libarch__arm__core__cortex_m.a(fault.c.obj)
                              (--whole-archive)
zephyr/arch/arch/arm/core/cortex_m/libarch__arm__core__cortex_m.a(fault_s.S.obj)
                              (--whole-archive)
zephyr/arch/arch/arm/core/cortex_m/libarch__arm__core__cortex_m.a(fpu.c.obj)
                              (--whole-archive)
zephyr/arch/arch/arm/core/cortex_m/libarch__arm__core__cortex_m.a(reset.S.obj)
                              (--whole-archive)
zephyr/arch/arch/arm/core/cortex_m/libarch__arm__core__cortex_m.a(scb.c.obj)
                              (--whole-archive)
zephyr/arch/arch/arm/core/cortex_m/libarch__arm__core__cortex_m.a(thread_abort.c.obj)
                              (--whole-archive)
zephyr/arch/arch/arm/core/cortex_m/libarch__arm__core__cortex_m.a(vector_table.S.obj)
                              (--whole-archive)
zephyr/arch/arch/arm/core/cortex_m/libarch__arm__core__cortex_m.a(swap_helper.S.obj)
                              (--whole-archive)
zephyr/arch/arch/arm/core/cortex_m/libarch__arm__core__cortex_m.a(irq_manage.c.obj)
                              (--whole-archive)
zephyr/arch/arch/arm/core/cortex_m/libarch__arm__core__cortex_m.a(prep_c.c.obj)
                              (--whole-archive)
zephyr/arch/arch/arm/core/cortex_m/libarch__arm__core__cortex_m.a(thread.c.obj)
                              (--whole-archive)
zephyr/arch/arch/arm/core/cortex_m/libarch__arm__core__cortex_m.a(cpu_idle.c.obj)
                              (--whole-archive)
zephyr/arch/arch/arm/core/cortex_m/libarch__arm__core__cortex_m.a(irq_init.c.obj)
                              (--whole-archive)
zephyr/arch/arch/arm/core/cortex_m/libarch__arm__core__cortex_m.a(isr_wrapper.c.obj)
                              (--whole-archive)
zephyr/arch/arch/arm/core/cortex_m/libarch__arm__core__cortex_m.a(__aeabi_read_tp.S.obj)
                              (--whole-archive)
zephyr/lib/libc/picolibc/liblib__libc__picolibc.a(assert.c.obj)
                              (--whole-archive)
zephyr/lib/libc/picolibc/liblib__libc__picolibc.a(cbprintf.c.obj)
                              (--whole-archive)
[...]
Memory Configuration

Name             Origin             Length             Attributes
FLASH            0x0000000000000000 0x0000000000080000 xr
RAM              0x0000000020000000 0x0000000000020000 xw
IDT_LIST         0x00000000ffff7fff 0x0000000000008000 xw
*default*        0x0000000000000000 0xffffffffffffffff

Linker script and memory map

                0x000000000000661c                vfprintf = __d_vfprintf
                0x0000000000000000                vfscanf = __d_vfscanf
LOAD zephyr/CMakeFiles/zephyr_final.dir/misc/empty_file.c.obj
LOAD zephyr/CMakeFiles/zephyr_final.dir/isr_tables.c.obj
LOAD zephyr/CMakeFiles/offsets.dir/./arch/arm/core/offsets/offsets.c.obj
LOAD app/libapp.a
LOAD zephyr/libzephyr.a
LOAD zephyr/arch/common/libarch__common.a
LOAD zephyr/arch/arch/arm/core/libarch__arm__core.a
LOAD zephyr/arch/arch/arm/core/cortex_m/libarch__arm__core__cortex_m.a
LOAD zephyr/lib/libc/picolibc/liblib__libc__picolibc.a
LOAD zephyr/lib/libc/common/liblib__libc__common.a
LOAD zephyr/soc/soc/nrf52833/libsoc__nordic.a
LOAD zephyr/subsys/input/libsubsys__input.a
LOAD zephyr/drivers/clock_control/libdrivers__clock_control.a
LOAD zephyr/drivers/console/libdrivers__console.a
LOAD zephyr/drivers/display/libdrivers__display.a
LOAD zephyr/drivers/gpio/libdrivers__gpio.a
LOAD zephyr/drivers/i2c/libdrivers__i2c.a
LOAD zephyr/drivers/input/libdrivers__input.a
LOAD zephyr/drivers/pinctrl/libdrivers__pinctrl.a
LOAD zephyr/drivers/sensor/nordic/temp/libdrivers__sensor__nordic__temp.a
LOAD zephyr/drivers/sensor/st/stmemsc/libdrivers__sensor__st__stmemsc.a
LOAD zephyr/drivers/sensor/st/lis2dh/libdrivers__sensor__st__lis2dh.a
LOAD zephyr/drivers/sensor/st/lis2mdl/libdrivers__sensor__st__lis2mdl.a
LOAD zephyr/drivers/serial/libdrivers__serial.a
LOAD zephyr/drivers/timer/libdrivers__timer.a
LOAD modules/hal_nordic/nrfx/libmodules__hal_nordic__nrfx.a
LOAD zephyr/kernel/libkernel.a
LOAD zephyr/arch/common/libisr_tables.a
LOAD /home/sba/zephyr-sdk-0.17.4/arm-zephyr-eabi/bin/../lib/gcc/../../picolibc/arm-zephyr-eabi/lib/thumb/v7e-m/nofp/libc.a
LOAD /home/sba/zephyr-sdk-0.17.4/arm-zephyr-eabi/bin/../lib/gcc/arm-zephyr-eabi/12.2.0/thumb/v7e-m/nofp/libgcc.a
                0x0000000000000004                _region_min_align = 0x4

.rel.plt        0x0000000000000000        0x0
 *(SORT_BY_ALIGNMENT(.rel.plt))
                [!provide]                        PROVIDE (__rel_iplt_start = .)
 *(SORT_BY_ALIGNMENT(.rel.iplt))
 .rel.iplt      0x0000000000000000        0x0 zephyr/CMakeFiles/zephyr_final.dir/isr_tables.c.obj
                [!provide]                        PROVIDE (__rel_iplt_end = .)

.rela.plt       0x0000000000000000        0x0
 *(SORT_BY_ALIGNMENT(.rela.plt))
                [!provide]                        PROVIDE (__rela_iplt_start = .)
 *(SORT_BY_ALIGNMENT(.rela.iplt))
                [!provide]                        PROVIDE (__rela_iplt_end = .)

.rel.dyn
 *(SORT_BY_ALIGNMENT(.rel.*))

.rela.dyn
 *(SORT_BY_ALIGNMENT(.rela.*))

/DISCARD/
 *(SORT_BY_ALIGNMENT(.plt))

/DISCARD/
 *(SORT_BY_ALIGNMENT(.iplt))
                0x0000000000000000                __rom_region_start = 0x0

rom_start       0x0000000000000000      0x100
                0x0000000000000000                __rom_start_address = .
 FILL mask 0x00
                0x0000000000000000                . = (. + (0x0 - (. - __rom_start_address)))
                0x0000000000000000                . = ALIGN (0x4)
                0x0000000000000000                . = ALIGN (0x80)
                0x0000000000000000                . = ALIGN (0x100)
                0x0000000000000000                _vector_start = .
 *(SORT_BY_ALIGNMENT(.exc_vector_table))
 *(SORT_BY_ALIGNMENT(.exc_vector_table.*))
 .exc_vector_table._vector_table_section
                0x0000000000000000       0x40 zephyr/arch/arch/arm/core/cortex_m/libarch__arm__core__cortex_m.a(vector_table.S.obj)
                0x0000000000000000                _vector_table
 *(SORT_BY_ALIGNMENT(.vectors))
                0x0000000000000100                _vector_end = .
                0x0000000000000040                . = ALIGN (0x4)
 *(SORT_BY_ALIGNMENT(.gnu.linkonce.irq_vector_table*))
 .gnu.linkonce.irq_vector_table
                0x0000000000000040       0xc0 zephyr/CMakeFiles/zephyr_final.dir/isr_tables.c.obj
                0x0000000000000040                _irq_vector_table
                0x0000000000000100                _vector_end = .

text            0x0000000000000100     0x939c
                0x0000000000000100                __text_region_start = .
 *(SORT_BY_ALIGNMENT(.text))
 .text          0x0000000000000100      0x378 /home/sba/zephyr-sdk-0.17.4/arm-zephyr-eabi/bin/../lib/gcc/arm-zephyr-eabi/12.2.0/thumb/v7e-m/nofp/libgcc.a(_arm_addsubdf3.o)
                0x0000000000000100                __aeabi_drsub
                0x0000000000000108                __aeabi_dsub
                0x0000000000000108                __subdf3
                0x000000000000010c                __adddf3
                0x000000000000010c                __aeabi_dadd
                0x0000000000000384                __aeabi_ui2d
                0x0000000000000384                __floatunsidf
                0x00000000000003a4                __floatsidf
                0x00000000000003a4                __aeabi_i2d
                0x00000000000003c8                __extendsfdf2
                0x00000000000003c8                __aeabi_f2d
                0x000000000000040c                __aeabi_ul2d
                0x000000000000040c                __floatundidf
                0x000000000000041c                __floatdidf
                0x000000000000041c                __aeabi_l2d
 .text          0x0000000000000478      0x424 /home/sba/zephyr-sdk-0.17.4/arm-zephyr-eabi/bin/../lib/gcc/arm-zephyr-eabi/12.2.0/thumb/v7e-m/nofp/libgcc.a(_arm_muldivdf3.o)
                0x0000000000000478                __aeabi_dmul
                0x0000000000000478                __muldf3
                0x00000000000006cc                __aeabi_ddiv
                0x00000000000006cc                __divdf3
 .text          0x000000000000089c      0x110 /home/sba/zephyr-sdk-0.17.4/arm-zephyr-eabi/bin/../lib/gcc/arm-zephyr-eabi/12.2.0/thumb/v7e-m/nofp/libgcc.a(_arm_cmpdf2.o)
                0x000000000000089c                __gtdf2
                0x000000000000089c                __gedf2
                0x00000000000008a4                __ltdf2
                0x00000000000008a4                __ledf2
                0x00000000000008ac                __cmpdf2
                0x00000000000008ac                __eqdf2
                0x00000000000008ac                __nedf2
                0x0000000000000928                __aeabi_cdrcmple
                0x0000000000000938                __aeabi_cdcmple
                0x0000000000000938                __aeabi_cdcmpeq
                0x0000000000000948                __aeabi_dcmpeq
                0x000000000000095c                __aeabi_dcmplt
                0x0000000000000970                __aeabi_dcmple
                0x0000000000000984                __aeabi_dcmpge
                0x0000000000000998                __aeabi_dcmpgt
 .text          0x00000000000009ac       0x50 /home/sba/zephyr-sdk-0.17.4/arm-zephyr-eabi/bin/../lib/gcc/arm-zephyr-eabi/12.2.0/thumb/v7e-m/nofp/libgcc.a(_arm_fixdfsi.o)
                0x00000000000009ac                __fixdfsi
                0x00000000000009ac                __aeabi_d2iz
 .text          0x00000000000009fc       0xa0 /home/sba/zephyr-sdk-0.17.4/arm-zephyr-eabi/bin/../lib/gcc/arm-zephyr-eabi/12.2.0/thumb/v7e-m/nofp/libgcc.a(_aeabi_ldivmod.o)
                0x00000000000009fc                __aeabi_ldivmod
 .text          0x0000000000000a9c       0x30 /home/sba/zephyr-sdk-0.17.4/arm-zephyr-eabi/bin/../lib/gcc/arm-zephyr-eabi/12.2.0/thumb/v7e-m/nofp/libgcc.a(_aeabi_uldivmod.o)
                0x0000000000000a9c                __aeabi_uldivmod
 .text          0x0000000000000acc        0x4 /home/sba/zephyr-sdk-0.17.4/arm-zephyr-eabi/bin/../lib/gcc/arm-zephyr-eabi/12.2.0/thumb/v7e-m/nofp/libgcc.a(_dvmd_tls.o)
                0x0000000000000acc                __aeabi_ldiv0
                0x0000000000000acc                __aeabi_idiv0
 .text          0x0000000000000ad0      0x2a0 /home/sba/zephyr-sdk-0.17.4/arm-zephyr-eabi/bin/../lib/gcc/arm-zephyr-eabi/12.2.0/thumb/v7e-m/nofp/libgcc.a(_udivmoddi4.o)
                0x0000000000000ad0                __udivmoddi4
 *(SORT_BY_ALIGNMENT(.text.*))
 .text.main     0x0000000000000d70      0x1f8 app/libapp.a(main.c.obj)
                0x0000000000000d70                main
 .text.lis2dh_attr_set
                0x0000000000000f68      0x108 zephyr/drivers/sensor/st/lis2dh/libdrivers__sensor__st__lis2dh.a(lis2dh.c.obj)
 .text.atan2    0x0000000000001070      0x1fc /home/sba/zephyr-sdk-0.17.4/arm-zephyr-eabi/bin/../lib/gcc/../../picolibc/arm-zephyr-eabi/lib/thumb/v7e-m/nofp/libc.a(libm_math_s_atan2.c.o)
                0x0000000000001070                atan2l
                0x0000000000001070                atan2
 *fill*         0x000000000000126c        0x4 
 .text.atan     0x0000000000001270      0x338 /home/sba/zephyr-sdk-0.17.4/arm-zephyr-eabi/bin/../lib/gcc/../../picolibc/arm-zephyr-eabi/lib/thumb/v7e-m/nofp/libc.a(libm_math_s_atan.c.o)
                0x0000000000001270                atanl
                0x0000000000001270                atan
 .text.char_out
                0x00000000000015a8        0xc zephyr/libzephyr.a(printk.c.obj)
 .text.__printk_hook_install
                0x00000000000015b4        0xc zephyr/libzephyr.a(printk.c.obj)
                0x00000000000015b4                __printk_hook_install
 .text.vprintk  0x00000000000015c0       0x30 zephyr/libzephyr.a(printk.c.obj)
                0x00000000000015c0                vprintk
 .text.z_thread_entry
                0x00000000000015f0       0x34 zephyr/libzephyr.a(thread_entry.c.obj)
                0x00000000000015f0                z_thread_entry
 .text.process_event
                0x0000000000001624      0x21c zephyr/libzephyr.a(onoff.c.obj)
 .text.arch_bss_zero
                0x0000000000001840       0x18 zephyr/arch/common/libarch__common.a(init.c.obj)
                0x0000000000001840                arch_bss_zero
 .text.arch_data_copy
                0x0000000000001858       0x38 zephyr/arch/common/libarch__common.a(xip.c.obj)
                0x0000000000001858                arch_data_copy
 .text.z_arm_fatal_error
                0x0000000000001890       0x60 zephyr/arch/arch/arm/core/libarch__arm__core.a(fatal.c.obj)
                0x0000000000001890                z_arm_fatal_error
 .text.z_SysNmiOnReset
                0x00000000000018f0        0x8 zephyr/arch/arch/arm/core/libarch__arm__core.a(nmi_on_reset.S.obj)
                0x00000000000018f0                z_SysNmiOnReset
 .text.arch_tls_stack_setup
                0x00000000000018f8       0x40 zephyr/arch/arch/arm/core/libarch__arm__core.a(tls.c.obj)
                0x00000000000018f8                arch_tls_stack_setup
 .text._HandlerModeExit
                0x0000000000001938       0x20 zephyr/arch/arch/arm/core/cortex_m/libarch__arm__core__cortex_m.a(exc_exit.c.obj)
                0x0000000000001938                z_arm_exc_exit
                0x0000000000001938                z_arm_int_exit
 .text.usage_fault.constprop.0
                0x0000000000001958       0x98 zephyr/arch/arch/arm/core/cortex_m/libarch__arm__core__cortex_m.a(fault.c.obj)
 .text.bus_fault.constprop.0
                0x00000000000019f0       0xb8 zephyr/arch/arch/arm/core/cortex_m/libarch__arm__core__cortex_m.a(fault.c.obj)
 .text.mem_manage_fault.constprop.0
                0x0000000000001aa8       0xbc zephyr/arch/arch/arm/core/cortex_m/libarch__arm__core__cortex_m.a(fault.c.obj)
 .text.z_arm_fault
                0x0000000000001b64      0x1a0 zephyr/arch/arch/arm/core/cortex_m/libarch__arm__core__cortex_m.a(fault.c.obj)
                0x0000000000001b64                z_arm_fault
 .text.z_arm_fault_init
                0x0000000000001d04       0x18 zephyr/arch/arch/arm/core/cortex_m/libarch__arm__core__cortex_m.a(fault.c.obj)
                0x0000000000001d04                z_arm_fault_init
 .text.__fault  0x0000000000001d1c       0x14 zephyr/arch/arch/arm/core/cortex_m/libarch__arm__core__cortex_m.a(fault_s.S.obj)
                0x0000000000001d1c                z_arm_bus_fault
                0x0000000000001d1c                z_arm_usage_fault
                0x0000000000001d1c                z_arm_mpu_fault
                0x0000000000001d1c                z_arm_exc_spurious
                0x0000000000001d1c                z_arm_debug_monitor
                0x0000000000001d1c                z_arm_hard_fault
 .text._reset_section
                0x0000000000001d30       0x38 zephyr/arch/arch/arm/core/cortex_m/libarch__arm__core__cortex_m.a(reset.S.obj)
                0x0000000000001d30                z_arm_reset
                0x0000000000001d30                __start
 .text.z_impl_k_thread_abort
                0x0000000000001d68       0x2c zephyr/arch/arch/arm/core/cortex_m/libarch__arm__core__cortex_m.a(thread_abort.c.obj)
                0x0000000000001d68                z_impl_k_thread_abort
 .text.z_arm_pendsv
                0x0000000000001d94       0x54 zephyr/arch/arch/arm/core/cortex_m/libarch__arm__core__cortex_m.a(swap_helper.S.obj)
                0x0000000000001d94                z_arm_pendsv
 .text.z_arm_svc
                0x0000000000001de8       0x24 zephyr/arch/arch/arm/core/cortex_m/libarch__arm__core__cortex_m.a(swap_helper.S.obj)
                0x0000000000001de8                z_arm_svc
 .text.arm_irq_enable
                0x0000000000001e0c       0x1c zephyr/arch/arch/arm/core/cortex_m/libarch__arm__core__cortex_m.a(irq_manage.c.obj)
                0x0000000000001e0c                arm_irq_enable
 .text.arm_irq_disable
                0x0000000000001e28       0x28 zephyr/arch/arch/arm/core/cortex_m/libarch__arm__core__cortex_m.a(irq_manage.c.obj)
                0x0000000000001e28                arm_irq_disable
 .text.arm_irq_is_enabled
                0x0000000000001e50       0x1c zephyr/arch/arch/arm/core/cortex_m/libarch__arm__core__cortex_m.a(irq_manage.c.obj)
                0x0000000000001e50                arm_irq_is_enabled
 .text.arm_irq_priority_set
                0x0000000000001e6c       0x30 zephyr/arch/arch/arm/core/cortex_m/libarch__arm__core__cortex_m.a(irq_manage.c.obj)
                0x0000000000001e6c                arm_irq_priority_set
 .text.relocate_vector_table
                0x0000000000001e9c       0x1c zephyr/arch/arch/arm/core/cortex_m/libarch__arm__core__cortex_m.a(prep_c.c.obj)
                0x0000000000001e9c                relocate_vector_table
 .text.z_prep_c
                0x0000000000001eb8       0x38 zephyr/arch/arch/arm/core/cortex_m/libarch__arm__core__cortex_m.a(prep_c.c.obj)
                0x0000000000001eb8                z_prep_c
 .text.arch_new_thread
                0x0000000000001ef0       0x38 zephyr/arch/arch/arm/core/cortex_m/libarch__arm__core__cortex_m.a(thread.c.obj)
                0x0000000000001ef0                arch_new_thread
 .text.arch_switch_to_main_thread
                0x0000000000001f28       0x38 zephyr/arch/arch/arm/core/cortex_m/libarch__arm__core__cortex_m.a(thread.c.obj)
                0x0000000000001f28                arch_switch_to_main_thread
 .text.z_arm_cpu_idle_init
                0x0000000000001f60        0xc zephyr/arch/arch/arm/core/cortex_m/libarch__arm__core__cortex_m.a(cpu_idle.c.obj)
                0x0000000000001f60                z_arm_cpu_idle_init
 .text.z_arm_interrupt_init
                0x0000000000001f6c       0x18 zephyr/arch/arch/arm/core/cortex_m/libarch__arm__core__cortex_m.a(irq_init.c.obj)
                0x0000000000001f6c                z_arm_interrupt_init
 .text._isr_wrapper
                0x0000000000001f84       0x24 zephyr/arch/arch/arm/core/cortex_m/libarch__arm__core__cortex_m.a(isr_wrapper.c.obj)
                0x0000000000001f84                _isr_wrapper
 .text.z_impl_zephyr_fputc
                0x0000000000001fa8       0x10 zephyr/lib/libc/picolibc/liblib__libc__picolibc.a(stdio.c.obj)
                0x0000000000001fa8                z_impl_zephyr_fputc
 .text.__stdout_hook_install
                0x0000000000001fb8       0x18 zephyr/lib/libc/picolibc/liblib__libc__picolibc.a(stdio.c.obj)
                0x0000000000001fb8                __stdout_hook_install
 .text.malloc_prepare
                0x0000000000001fd0       0x24 zephyr/lib/libc/common/liblib__libc__common.a(malloc.c.obj)
 .text.nordicsemi_nrf52_init
                0x0000000000001ff4       0x10 zephyr/soc/soc/nrf52833/libsoc__nordic.a(soc.c.obj)
 .text.arch_busy_wait
                0x0000000000002004       0x14 zephyr/soc/soc/nrf52833/libsoc__nordic.a(soc.c.obj)
                0x0000000000002004                arch_busy_wait
 .text.input_thread
                0x0000000000002018       0x44 zephyr/subsys/input/libsubsys__input.a(input.c.obj)
 .text.input_report
                0x000000000000205c       0x58 zephyr/subsys/input/libsubsys__input.a(input.c.obj)
                0x000000000000205c                input_report
 .text.onoff_stop
                0x00000000000020b4       0x30 zephyr/drivers/clock_control/libdrivers__clock_control.a(clock_control_nrf.c.obj)
 .text.onoff_start
                0x00000000000020e4       0x44 zephyr/drivers/clock_control/libdrivers__clock_control.a(clock_control_nrf.c.obj)
 .text.clk_init
                0x0000000000002128       0x60 zephyr/drivers/clock_control/libdrivers__clock_control.a(clock_control_nrf.c.obj)
 .text.api_blocking_start
                0x0000000000002188       0x34 zephyr/drivers/clock_control/libdrivers__clock_control.a(clock_control_nrf.c.obj)
 .text.generic_hfclk_stop
                0x00000000000021bc       0x34 zephyr/drivers/clock_control/libdrivers__clock_control.a(clock_control_nrf.c.obj)
 .text.clkstarted_handle.constprop.0
                0x00000000000021f0       0x4c zephyr/drivers/clock_control/libdrivers__clock_control.a(clock_control_nrf.c.obj)
 .text.clock_event_handler
                0x000000000000223c       0x34 zephyr/drivers/clock_control/libdrivers__clock_control.a(clock_control_nrf.c.obj)
 .text.generic_hfclk_start
                0x0000000000002270       0x78 zephyr/drivers/clock_control/libdrivers__clock_control.a(clock_control_nrf.c.obj)
 .text.z_nrf_clock_control_get_onoff
                0x00000000000022e8       0x10 zephyr/drivers/clock_control/libdrivers__clock_control.a(clock_control_nrf.c.obj)
                0x00000000000022e8                z_nrf_clock_control_get_onoff
 .text.z_nrf_clock_control_lf_on
                0x00000000000022f8       0xb4 zephyr/drivers/clock_control/libdrivers__clock_control.a(clock_control_nrf.c.obj)
                0x00000000000022f8                z_nrf_clock_control_lf_on
 .text.start_cal_process
                0x00000000000023ac       0x48 zephyr/drivers/clock_control/libdrivers__clock_control.a(nrf_clock_calibration.c.obj)
 .text.start_cycle
                0x00000000000023f4       0x38 zephyr/drivers/clock_control/libdrivers__clock_control.a(nrf_clock_calibration.c.obj)
 .text.measure_temperature
                0x000000000000242c       0x88 zephyr/drivers/clock_control/libdrivers__clock_control.a(nrf_clock_calibration.c.obj)
 .text.cal_hf_callback
                0x00000000000024b4       0x2c zephyr/drivers/clock_control/libdrivers__clock_control.a(nrf_clock_calibration.c.obj)
 .text.z_nrf_clock_calibration_init
                0x00000000000024e0       0x1c zephyr/drivers/clock_control/libdrivers__clock_control.a(nrf_clock_calibration.c.obj)
                0x00000000000024e0                z_nrf_clock_calibration_init
 .text.z_nrf_clock_calibration_lfclk_started
                0x00000000000024fc       0x10 zephyr/drivers/clock_control/libdrivers__clock_control.a(nrf_clock_calibration.c.obj)
                0x00000000000024fc                z_nrf_clock_calibration_lfclk_started
 .text.z_nrf_clock_calibration_lfclk_stopped
                0x000000000000250c        0xc zephyr/drivers/clock_control/libdrivers__clock_control.a(nrf_clock_calibration.c.obj)
                0x000000000000250c                z_nrf_clock_calibration_lfclk_stopped
 .text.z_nrf_clock_calibration_done_handler
                0x0000000000002518       0x10 zephyr/drivers/clock_control/libdrivers__clock_control.a(nrf_clock_calibration.c.obj)
                0x0000000000002518                z_nrf_clock_calibration_done_handler
 .text.uart_console_init
                0x0000000000002528       0x28 zephyr/drivers/console/libdrivers__console.a(uart_console.c.obj)
 .text.console_out
                0x0000000000002550       0x28 zephyr/drivers/console/libdrivers__console.a(uart_console.c.obj)
 .text.nrf_gpio_pin_port_decode
                0x0000000000002578       0x20 zephyr/drivers/display/libdrivers__display.a(display_nrf_led_matrix.c.obj)
 .text.instance_init
                0x0000000000002598      0x134 zephyr/drivers/display/libdrivers__display.a(display_nrf_led_matrix.c.obj)
 .text.current_img
                0x00000000000026cc       0x3c zephyr/drivers/display/libdrivers__display.a(mb_display.c.obj)
 .text.mb_display_init_on_boot
                0x0000000000002708       0x74 zephyr/drivers/display/libdrivers__display.a(mb_display.c.obj)
 .text.start_single.constprop.0.isra.0
                0x000000000000277c       0x28 zephyr/drivers/display/libdrivers__display.a(mb_display.c.obj)
 .text.update_display_work
                0x00000000000027a4      0x18c zephyr/drivers/display/libdrivers__display.a(mb_display.c.obj)
 .text.mb_display_image
                0x0000000000002930       0x80 zephyr/drivers/display/libdrivers__display.a(mb_display.c.obj)
                0x0000000000002930                mb_display_image
 .text.mb_display_get
                0x00000000000029b0        0x8 zephyr/drivers/display/libdrivers__display.a(mb_display.c.obj)
                0x00000000000029b0                mb_display_get
 .text.gpio_nrfx_pin_interrupt_configure
                0x00000000000029b8      0x11c zephyr/drivers/gpio/libdrivers__gpio.a(gpio_nrfx.c.obj)
 .text.nrfx_gpio_handler
                0x0000000000002ad4       0x4c zephyr/drivers/gpio/libdrivers__gpio.a(gpio_nrfx.c.obj)
 .text.gpio_nrfx_init
                0x0000000000002b20       0x48 zephyr/drivers/gpio/libdrivers__gpio.a(gpio_nrfx.c.obj)
 .text.gpio_nrfx_pin_configure
                0x0000000000002b68      0x18c zephyr/drivers/gpio/libdrivers__gpio.a(gpio_nrfx.c.obj)
 .text.event_handler
                0x0000000000002cf4       0x38 zephyr/drivers/i2c/libdrivers__i2c.a(i2c_nrfx_twim.c.obj)
 .text.i2c_nrfx_twim_transfer
                0x0000000000002d2c      0x14c zephyr/drivers/i2c/libdrivers__i2c.a(i2c_nrfx_twim.c.obj)
 .text.i2c_nrfx_twim_recover_bus
                0x0000000000002e78       0x40 zephyr/drivers/i2c/libdrivers__i2c.a(i2c_nrfx_twim_common.c.obj)
                0x0000000000002e78                i2c_nrfx_twim_recover_bus
 .text.i2c_nrfx_twim_msg_transfer
                0x0000000000002eb8       0x6c zephyr/drivers/i2c/libdrivers__i2c.a(i2c_nrfx_twim_common.c.obj)
                0x0000000000002eb8                i2c_nrfx_twim_msg_transfer
 .text.i2c_nrfx_twim_common_init
                0x0000000000002f24       0x3c zephyr/drivers/i2c/libdrivers__i2c.a(i2c_nrfx_twim_common.c.obj)
                0x0000000000002f24                i2c_nrfx_twim_common_init
 .text.gpio_keys_init
                0x0000000000002f60      0x12c zephyr/drivers/input/libdrivers__input.a(input_gpio_keys.c.obj)
 .text.gpio_keys_change_deferred
                0x000000000000308c       0x5c zephyr/drivers/input/libdrivers__input.a(input_gpio_keys.c.obj)
 .text.nrf_gpio_pin_port_decode
                0x00000000000030e8       0x20 zephyr/drivers/pinctrl/libdrivers__pinctrl.a(pinctrl_nrf.c.obj)
 .text.pinctrl_configure_pins
                0x0000000000003108      0x158 zephyr/drivers/pinctrl/libdrivers__pinctrl.a(pinctrl_nrf.c.obj)
                0x0000000000003108                pinctrl_configure_pins
 .text.hfclk_on_callback
                0x0000000000003260        0xc zephyr/drivers/sensor/nordic/temp/libdrivers__sensor__nordic__temp.a(temp_nrf5.c.obj)
 .text.temp_nrf5_channel_get
                0x000000000000326c       0x2c zephyr/drivers/sensor/nordic/temp/libdrivers__sensor__nordic__temp.a(temp_nrf5.c.obj)
 .text.temp_nrf5_isr
                0x0000000000003298       0x18 zephyr/drivers/sensor/nordic/temp/libdrivers__sensor__nordic__temp.a(temp_nrf5.c.obj)
 .text.temp_nrf5_sample_fetch
                0x00000000000032b0       0x78 zephyr/drivers/sensor/nordic/temp/libdrivers__sensor__nordic__temp.a(temp_nrf5.c.obj)
 .text.temp_nrf5_init
                0x0000000000003328       0x40 zephyr/drivers/sensor/nordic/temp/libdrivers__sensor__nordic__temp.a(temp_nrf5.c.obj)
 .text.lis2dh_channel_get
                0x0000000000003368       0x54 zephyr/drivers/sensor/st/lis2dh/libdrivers__sensor__st__lis2dh.a(lis2dh.c.obj)
 .text.lis2dh_init_chip
                0x00000000000033bc       0xbc zephyr/drivers/sensor/st/lis2dh/libdrivers__sensor__st__lis2dh.a(lis2dh.c.obj)
                0x00000000000033bc                lis2dh_init_chip
 .text.lis2dh_i2c_init
                0x0000000000003478       0x20 zephyr/drivers/sensor/st/lis2dh/libdrivers__sensor__st__lis2dh.a(lis2dh_i2c.c.obj)
                0x0000000000003478                lis2dh_i2c_init
 .text.lis2mdl_channel_get
                0x0000000000003498       0x8c zephyr/drivers/sensor/st/lis2mdl/libdrivers__sensor__st__lis2mdl.a(lis2mdl.c.obj)
 .text.gpio_pin_interrupt_configure_dt
                0x0000000000003524       0x48 zephyr/drivers/sensor/st/lis2mdl/libdrivers__sensor__st__lis2mdl.a(lis2mdl_trigger.c.obj)
 .text.lis2mdl_init_interrupt
                0x000000000000356c       0x90 zephyr/drivers/sensor/st/lis2mdl/libdrivers__sensor__st__lis2mdl.a(lis2mdl_trigger.c.obj)
                0x000000000000356c                lis2mdl_init_interrupt
 .text.uart_nrfx_poll_in
                0x00000000000035fc       0x24 zephyr/drivers/serial/libdrivers__serial.a(uart_nrfx_uart.c.obj)
 .text.uart_nrfx_err_check
                0x0000000000003620       0x10 zephyr/drivers/serial/libdrivers__serial.a(uart_nrfx_uart.c.obj)
 .text.uart_nrfx_poll_out
                0x0000000000003630       0x7c zephyr/drivers/serial/libdrivers__serial.a(uart_nrfx_uart.c.obj)
 .text.uart_nrfx_init
                0x00000000000036ac      0x1bc zephyr/drivers/serial/libdrivers__serial.a(uart_nrfx_uart.c.obj)
 .text.compare_int_lock
                0x0000000000003868       0x48 zephyr/drivers/timer/libdrivers__timer.a(nrf_rtc_timer.c.obj)
 .text.sys_clock_timeout_handler
                0x00000000000038b0       0x48 zephyr/drivers/timer/libdrivers__timer.a(nrf_rtc_timer.c.obj)
 .text.compare_int_unlock
                0x00000000000038f8       0x5c zephyr/drivers/timer/libdrivers__timer.a(nrf_rtc_timer.c.obj)
 .text.z_nrf_rtc_timer_read
                0x0000000000003954       0x44 zephyr/drivers/timer/libdrivers__timer.a(nrf_rtc_timer.c.obj)
                0x0000000000003954                z_nrf_rtc_timer_read
 .text.compare_set
                0x0000000000003998      0x130 zephyr/drivers/timer/libdrivers__timer.a(nrf_rtc_timer.c.obj)
 .text.sys_clock_driver_init
                0x0000000000003ac8       0x90 zephyr/drivers/timer/libdrivers__timer.a(nrf_rtc_timer.c.obj)
 .text.rtc_nrf_isr
                0x0000000000003b58       0xd4 zephyr/drivers/timer/libdrivers__timer.a(nrf_rtc_timer.c.obj)
                0x0000000000003b58                rtc_nrf_isr
 .text.sys_clock_set_timeout
                0x0000000000003c2c       0x5c zephyr/drivers/timer/libdrivers__timer.a(nrf_rtc_timer.c.obj)
                0x0000000000003c2c                sys_clock_set_timeout
 .text.sys_clock_elapsed
                0x0000000000003c88       0x14 zephyr/drivers/timer/libdrivers__timer.a(nrf_rtc_timer.c.obj)
                0x0000000000003c88                sys_clock_elapsed
 .text.SystemInit
                0x0000000000003c9c       0xe4 modules/hal_nordic/nrfx/libmodules__hal_nordic__nrfx.a(system_nrf52833.c.obj)
                0x0000000000003c9c                SystemInit
 .text.nrfx_flag32_alloc
                0x0000000000003d80       0x48 modules/hal_nordic/nrfx/libmodules__hal_nordic__nrfx.a(nrfx_flag32_allocator.c.obj)
                0x0000000000003d80                nrfx_flag32_alloc
 .text.nrfx_flag32_free
                0x0000000000003dc8       0x40 modules/hal_nordic/nrfx/libmodules__hal_nordic__nrfx.a(nrfx_flag32_allocator.c.obj)
                0x0000000000003dc8                nrfx_flag32_free
 .text.nrfx_clock_init
                0x0000000000003e08       0x24 modules/hal_nordic/nrfx/libmodules__hal_nordic__nrfx.a(nrfx_clock.c.obj)
                0x0000000000003e08                nrfx_clock_init
 .text.nrfx_clock_enable
                0x0000000000003e2c       0x24 modules/hal_nordic/nrfx/libmodules__hal_nordic__nrfx.a(nrfx_clock.c.obj)
                0x0000000000003e2c                nrfx_clock_enable
 .text.nrfx_clock_start
                0x0000000000003e50       0xa4 modules/hal_nordic/nrfx/libmodules__hal_nordic__nrfx.a(nrfx_clock.c.obj)
                0x0000000000003e50                nrfx_clock_start
 .text.nrfx_clock_calibration_start
                0x0000000000003ef4       0x70 modules/hal_nordic/nrfx/libmodules__hal_nordic__nrfx.a(nrfx_clock.c.obj)
                0x0000000000003ef4                nrfx_clock_calibration_start
 .text.nrfx_power_clock_irq_handler
                0x0000000000003f64       0x58 modules/hal_nordic/nrfx/libmodules__hal_nordic__nrfx.a(nrfx_clock.c.obj)
                0x0000000000003f64                nrfx_power_clock_irq_handler
 .text.nrf_gpio_pin_port_decode
                0x0000000000003fbc       0x20 modules/hal_nordic/nrfx/libmodules__hal_nordic__nrfx.a(nrfx_gpiote.c.obj)
 .text.get_pin_idx
                0x0000000000003fdc       0x14 modules/hal_nordic/nrfx/libmodules__hal_nordic__nrfx.a(nrfx_gpiote.c.obj)
 .text.call_handler.constprop.0
                0x0000000000003ff0       0x40 modules/hal_nordic/nrfx/libmodules__hal_nordic__nrfx.a(nrfx_gpiote.c.obj)
 .text.pin_te_get.constprop.0
                0x0000000000004030       0x18 modules/hal_nordic/nrfx/libmodules__hal_nordic__nrfx.a(nrfx_gpiote.c.obj)
 .text.pin_is_output.constprop.0
                0x0000000000004048       0x18 modules/hal_nordic/nrfx/libmodules__hal_nordic__nrfx.a(nrfx_gpiote.c.obj)
 .text.pin_in_use_by_te.constprop.0
                0x0000000000004060       0x18 modules/hal_nordic/nrfx/libmodules__hal_nordic__nrfx.a(nrfx_gpiote.c.obj)
 .text.latch_pending_read_and_check
                0x0000000000004078       0x40 modules/hal_nordic/nrfx/libmodules__hal_nordic__nrfx.a(nrfx_gpiote.c.obj)
 .text.release_handler.isra.0
                0x00000000000040b8       0x58 modules/hal_nordic/nrfx/libmodules__hal_nordic__nrfx.a(nrfx_gpiote.c.obj)
 .text.__nrfy_internal_gpiote_events_process.constprop.0
                0x0000000000004110       0x5c modules/hal_nordic/nrfx/libmodules__hal_nordic__nrfx.a(nrfx_gpiote.c.obj)
 .text.pin_uninit
                0x000000000000416c       0x80 modules/hal_nordic/nrfx/libmodules__hal_nordic__nrfx.a(nrfx_gpiote.c.obj)
 .text.nrfx_gpiote_input_configure
                0x00000000000041ec      0x178 modules/hal_nordic/nrfx/libmodules__hal_nordic__nrfx.a(nrfx_gpiote.c.obj)
                0x00000000000041ec                nrfx_gpiote_input_configure
 .text.nrfx_gpiote_output_configure
                0x0000000000004364       0xfc modules/hal_nordic/nrfx/libmodules__hal_nordic__nrfx.a(nrfx_gpiote.c.obj)
                0x0000000000004364                nrfx_gpiote_output_configure
 .text.nrfx_gpiote_global_callback_set
                0x0000000000004460        0xc modules/hal_nordic/nrfx/libmodules__hal_nordic__nrfx.a(nrfx_gpiote.c.obj)
                0x0000000000004460                nrfx_gpiote_global_callback_set
 .text.nrfx_gpiote_channel_get
                0x000000000000446c       0x34 modules/hal_nordic/nrfx/libmodules__hal_nordic__nrfx.a(nrfx_gpiote.c.obj)
                0x000000000000446c                nrfx_gpiote_channel_get
 .text.nrfx_gpiote_init
                0x00000000000044a0       0x48 modules/hal_nordic/nrfx/libmodules__hal_nordic__nrfx.a(nrfx_gpiote.c.obj)
                0x00000000000044a0                nrfx_gpiote_init
 .text.nrfx_gpiote_init_check
                0x00000000000044e8       0x14 modules/hal_nordic/nrfx/libmodules__hal_nordic__nrfx.a(nrfx_gpiote.c.obj)
                0x00000000000044e8                nrfx_gpiote_init_check
 .text.nrfx_gpiote_channel_free
                0x00000000000044fc       0x10 modules/hal_nordic/nrfx/libmodules__hal_nordic__nrfx.a(nrfx_gpiote.c.obj)
                0x00000000000044fc                nrfx_gpiote_channel_free
 .text.nrfx_gpiote_channel_alloc
                0x000000000000450c       0x10 modules/hal_nordic/nrfx/libmodules__hal_nordic__nrfx.a(nrfx_gpiote.c.obj)
                0x000000000000450c                nrfx_gpiote_channel_alloc
 .text.nrfx_gpiote_trigger_enable
                0x000000000000451c       0xa8 modules/hal_nordic/nrfx/libmodules__hal_nordic__nrfx.a(nrfx_gpiote.c.obj)
                0x000000000000451c                nrfx_gpiote_trigger_enable
 .text.nrfx_gpiote_0_irq_handler
                0x00000000000045c4      0x1ac modules/hal_nordic/nrfx/libmodules__hal_nordic__nrfx.a(nrfx_gpiote.c.obj)
                0x00000000000045c4                nrfx_gpiote_0_irq_handler
 .text.nrf_gpio_cfg.constprop.0
                0x0000000000004770       0x48 modules/hal_nordic/nrfx/libmodules__hal_nordic__nrfx.a(nrfx_twim.c.obj)
 .text.twim_configure
                0x00000000000047b8       0x3c modules/hal_nordic/nrfx/libmodules__hal_nordic__nrfx.a(nrfx_twim.c.obj)
 .text.nrfx_twim_init
                0x00000000000047f4       0x74 modules/hal_nordic/nrfx/libmodules__hal_nordic__nrfx.a(nrfx_twim.c.obj)
                0x00000000000047f4                nrfx_twim_init
 .text.nrfx_twim_enable
                0x0000000000004868       0x20 modules/hal_nordic/nrfx/libmodules__hal_nordic__nrfx.a(nrfx_twim.c.obj)
                0x0000000000004868                nrfx_twim_enable
 .text.nrfx_twim_disable
                0x0000000000004888       0x3c modules/hal_nordic/nrfx/libmodules__hal_nordic__nrfx.a(nrfx_twim.c.obj)
                0x0000000000004888                nrfx_twim_disable
 .text.nrfx_twim_uninit
                0x00000000000048c4       0x5c modules/hal_nordic/nrfx/libmodules__hal_nordic__nrfx.a(nrfx_twim.c.obj)
                0x00000000000048c4                nrfx_twim_uninit
 .text.nrfx_twim_xfer
                0x0000000000004920      0x350 modules/hal_nordic/nrfx/libmodules__hal_nordic__nrfx.a(nrfx_twim.c.obj)
                0x0000000000004920                nrfx_twim_xfer
 .text.nrfx_twim_0_irq_handler
                0x0000000000004c70      0x184 modules/hal_nordic/nrfx/libmodules__hal_nordic__nrfx.a(nrfx_twim.c.obj)
                0x0000000000004c70                nrfx_twim_0_irq_handler
 .text.nrf_gpio_pin_port_decode
                0x0000000000004df4       0x20 modules/hal_nordic/nrfx/libmodules__hal_nordic__nrfx.a(nrfx_twi_twim.c.obj)
 .text.nrfx_twi_twim_bus_recover
                0x0000000000004e14       0xdc modules/hal_nordic/nrfx/libmodules__hal_nordic__nrfx.a(nrfx_twi_twim.c.obj)
                0x0000000000004e14                nrfx_twi_twim_bus_recover
 .text.z_fatal_error
                0x0000000000004ef0       0x30 zephyr/kernel/libkernel.a(fatal.c.obj)
                0x0000000000004ef0                z_fatal_error
 .text.z_sys_init_run_level
                0x0000000000004f20       0x30 zephyr/kernel/libkernel.a(init.c.obj)
 .text.bg_thread_main
                0x0000000000004f50       0xc0 zephyr/kernel/libkernel.a(init.c.obj)
 .text.z_init_cpu
                0x0000000000005010       0x68 zephyr/kernel/libkernel.a(init.c.obj)
                0x0000000000005010                z_init_cpu
 .text.z_cstart
                0x0000000000005078       0xc4 zephyr/kernel/libkernel.a(init.c.obj)
                0x0000000000005078                z_cstart
 .text.put_msg_in_queue
                0x000000000000513c       0xd0 zephyr/kernel/libkernel.a(msg_q.c.obj)
 .text.z_impl_k_msgq_get
                0x000000000000520c       0xc4 zephyr/kernel/libkernel.a(msg_q.c.obj)
                0x000000000000520c                z_impl_k_msgq_get
 .text.z_impl_k_mutex_lock
                0x00000000000052d0       0xf0 zephyr/kernel/libkernel.a(mutex.c.obj)
                0x00000000000052d0                z_impl_k_mutex_lock
 .text.z_impl_k_mutex_unlock
                0x00000000000053c0       0xa0 zephyr/kernel/libkernel.a(mutex.c.obj)
                0x00000000000053c0                z_impl_k_mutex_unlock
 .text.z_impl_k_sem_give
                0x0000000000005460       0x68 zephyr/kernel/libkernel.a(sem.c.obj)
                0x0000000000005460                z_impl_k_sem_give
 .text.z_impl_k_sem_take
                0x00000000000054c8       0x4c zephyr/kernel/libkernel.a(sem.c.obj)
                0x00000000000054c8                z_impl_k_sem_take
 .text.k_sys_work_q_init
                0x0000000000005514       0x2c zephyr/kernel/libkernel.a(system_work_q.c.obj)
 .text.work_queue_main
                0x0000000000005540      0x144 zephyr/kernel/libkernel.a(work.c.obj)
 .text.cancel_sync_locked
                0x0000000000005684       0x3c zephyr/kernel/libkernel.a(work.c.obj)
 .text.submit_to_queue_locked
                0x00000000000056c0       0xb0 zephyr/kernel/libkernel.a(work.c.obj)
 .text.k_work_submit
                0x0000000000005770        0xc zephyr/kernel/libkernel.a(work.c.obj)
                0x0000000000005770                k_work_submit
 .text.k_work_queue_start
                0x000000000000577c       0x7c zephyr/kernel/libkernel.a(work.c.obj)
                0x000000000000577c                k_work_queue_start
 .text.k_work_reschedule_for_queue
                0x00000000000057f8       0x5c zephyr/kernel/libkernel.a(work.c.obj)
                0x00000000000057f8                k_work_reschedule_for_queue
 .text.k_work_reschedule
                0x0000000000005854        0xc zephyr/kernel/libkernel.a(work.c.obj)
                0x0000000000005854                k_work_reschedule
 .text.z_setup_new_thread
                0x0000000000005860       0x70 zephyr/kernel/libkernel.a(thread.c.obj)
                0x0000000000005860                z_setup_new_thread
 .text.z_impl_k_thread_create
                0x00000000000058d0       0x58 zephyr/kernel/libkernel.a(thread.c.obj)
                0x00000000000058d0                z_impl_k_thread_create
 .text.z_dummy_thread_init
                0x0000000000005928       0x14 zephyr/kernel/libkernel.a(thread.c.obj)
                0x0000000000005928                z_dummy_thread_init
 .text.z_swap_irqlock
                0x000000000000593c       0x30 zephyr/kernel/libkernel.a(sched.c.obj)
 .text.ready_thread
                0x000000000000596c       0x84 zephyr/kernel/libkernel.a(sched.c.obj)
 .text.unready_thread
                0x00000000000059f0       0x54 zephyr/kernel/libkernel.a(sched.c.obj)
 .text.add_thread_timeout
                0x0000000000005a44       0x1c zephyr/kernel/libkernel.a(sched.c.obj)
 .text.move_thread_to_end_of_prio_q
                0x0000000000005a60       0x90 zephyr/kernel/libkernel.a(sched.c.obj)
                0x0000000000005a60                move_thread_to_end_of_prio_q
 .text.z_pend_curr
                0x0000000000005af0       0x44 zephyr/kernel/libkernel.a(sched.c.obj)
                0x0000000000005af0                z_pend_curr
 .text.z_thread_prio_set
                0x0000000000005b34       0xe4 zephyr/kernel/libkernel.a(sched.c.obj)
                0x0000000000005b34                z_thread_prio_set
 .text.z_reschedule
                0x0000000000005c18       0x24 zephyr/kernel/libkernel.a(sched.c.obj)
                0x0000000000005c18                z_reschedule
 .text.z_reschedule_irqlock
                0x0000000000005c3c       0x28 zephyr/kernel/libkernel.a(sched.c.obj)
                0x0000000000005c3c                z_reschedule_irqlock
 .text.k_sched_lock
                0x0000000000005c64       0x28 zephyr/kernel/libkernel.a(sched.c.obj)
                0x0000000000005c64                k_sched_lock
 .text.k_sched_unlock
                0x0000000000005c8c       0x68 zephyr/kernel/libkernel.a(sched.c.obj)
                0x0000000000005c8c                k_sched_unlock
 .text.z_sched_init
                0x0000000000005cf4       0x10 zephyr/kernel/libkernel.a(sched.c.obj)
                0x0000000000005cf4                z_sched_init
 .text.z_impl_k_yield
                0x0000000000005d04       0x88 zephyr/kernel/libkernel.a(sched.c.obj)
                0x0000000000005d04                z_impl_k_yield
 .text.z_tick_sleep
                0x0000000000005d8c       0x78 zephyr/kernel/libkernel.a(sched.c.obj)
 .text.z_impl_k_wakeup
                0x0000000000005e04       0x48 zephyr/kernel/libkernel.a(sched.c.obj)
                0x0000000000005e04                z_impl_k_wakeup
 .text.z_impl_k_sched_current_thread_query
                0x0000000000005e4c        0xc zephyr/kernel/libkernel.a(sched.c.obj)
                0x0000000000005e4c                z_impl_k_sched_current_thread_query
 .text.z_thread_abort
                0x0000000000005e58      0x140 zephyr/kernel/libkernel.a(sched.c.obj)
                0x0000000000005e58                z_thread_abort
 .text.z_sched_wait
                0x0000000000005f98       0x24 zephyr/kernel/libkernel.a(sched.c.obj)
                0x0000000000005f98                z_sched_wait
 .text.slice_timeout
                0x0000000000005fbc       0x20 zephyr/kernel/libkernel.a(timeslicing.c.obj)
 .text.thread_is_sliceable
                0x0000000000005fdc       0x3c zephyr/kernel/libkernel.a(timeslicing.c.obj)
                0x0000000000005fdc                thread_is_sliceable
 .text.z_reset_time_slice
                0x0000000000006018       0x50 zephyr/kernel/libkernel.a(timeslicing.c.obj)
                0x0000000000006018                z_reset_time_slice
 .text.z_time_slice
                0x0000000000006068       0x60 zephyr/kernel/libkernel.a(timeslicing.c.obj)
                0x0000000000006068                z_time_slice
 .text.first    0x00000000000060c8       0x10 zephyr/kernel/libkernel.a(timeout.c.obj)
 .text.elapsed  0x00000000000060d8       0x14 zephyr/kernel/libkernel.a(timeout.c.obj)
 .text.remove_timeout
                0x00000000000060ec       0x38 zephyr/kernel/libkernel.a(timeout.c.obj)
 .text.z_add_timeout
                0x0000000000006124      0x120 zephyr/kernel/libkernel.a(timeout.c.obj)
                0x0000000000006124                z_add_timeout
 .text.sys_clock_announce
                0x0000000000006244       0xc0 zephyr/kernel/libkernel.a(timeout.c.obj)
                0x0000000000006244                sys_clock_announce
 .text.sys_clock_tick_get
                0x0000000000006304       0x30 zephyr/kernel/libkernel.a(timeout.c.obj)
                0x0000000000006304                sys_clock_tick_get
 .text.z_timer_expiration_handler
                0x0000000000006334      0x110 zephyr/kernel/libkernel.a(timer.c.obj)
                0x0000000000006334                z_timer_expiration_handler
 .text.z_impl_k_timer_start
                0x0000000000006444       0x70 zephyr/kernel/libkernel.a(timer.c.obj)
                0x0000000000006444                z_impl_k_timer_start
 .text.boot_banner
                0x00000000000064b4        0xc zephyr/kernel/libkernel.a(banner.c.obj)
                0x00000000000064b4                boot_banner
 .text.statics_init
                0x00000000000064c0       0x24 zephyr/kernel/libkernel.a(kheap.c.obj)
 .text.skip_to_arg
                0x00000000000064e4      0x138 /home/sba/zephyr-sdk-0.17.4/arm-zephyr-eabi/bin/../lib/gcc/../../picolibc/arm-zephyr-eabi/lib/thumb/v7e-m/nofp/libc.a(libc_tinystdio_vfprintf.c.o)
 .text.vfprintf
                0x000000000000661c      0x9c4 /home/sba/zephyr-sdk-0.17.4/arm-zephyr-eabi/bin/../lib/gcc/../../picolibc/arm-zephyr-eabi/lib/thumb/v7e-m/nofp/libc.a(libc_tinystdio_vfprintf.c.o)
                0x000000000000661c                __d_vfprintf
 .text.div10    0x0000000000006fe0       0x28 /home/sba/zephyr-sdk-0.17.4/arm-zephyr-eabi/bin/../lib/gcc/../../picolibc/arm-zephyr-eabi/lib/thumb/v7e-m/nofp/libc.a(libc_tinystdio_dtoa_ryu.c.o)
 .text.__dtoa_engine
                0x0000000000007008      0x49c /home/sba/zephyr-sdk-0.17.4/arm-zephyr-eabi/bin/../lib/gcc/../../picolibc/arm-zephyr-eabi/lib/thumb/v7e-m/nofp/libc.a(libc_tinystdio_dtoa_ryu.c.o)
                0x0000000000007008                __dtoa_engine
 .text.__log10Pow2
                0x00000000000074a4        0xc /home/sba/zephyr-sdk-0.17.4/arm-zephyr-eabi/bin/../lib/gcc/../../picolibc/arm-zephyr-eabi/lib/thumb/v7e-m/nofp/libc.a(libc_tinystdio_ryu_log10.c.o)
                0x00000000000074a4                __log10Pow2
 .text.__log10Pow5
                0x00000000000074b0        0xc /home/sba/zephyr-sdk-0.17.4/arm-zephyr-eabi/bin/../lib/gcc/../../picolibc/arm-zephyr-eabi/lib/thumb/v7e-m/nofp/libc.a(libc_tinystdio_ryu_log10.c.o)
                0x00000000000074b0                __log10Pow5
 .text.__pow5bits
                0x00000000000074bc       0x10 /home/sba/zephyr-sdk-0.17.4/arm-zephyr-eabi/bin/../lib/gcc/../../picolibc/arm-zephyr-eabi/lib/thumb/v7e-m/nofp/libc.a(libc_tinystdio_ryu_pow5bits.c.o)
                0x00000000000074bc                __pow5bits
 .text.__pow5Factor
                0x00000000000074cc       0x30 /home/sba/zephyr-sdk-0.17.4/arm-zephyr-eabi/bin/../lib/gcc/../../picolibc/arm-zephyr-eabi/lib/thumb/v7e-m/nofp/libc.a(libc_tinystdio_ryu_table.c.o)
                0x00000000000074cc                __pow5Factor
 .text.__double_computePow5
                0x00000000000074fc       0xe8 /home/sba/zephyr-sdk-0.17.4/arm-zephyr-eabi/bin/../lib/gcc/../../picolibc/arm-zephyr-eabi/lib/thumb/v7e-m/nofp/libc.a(libc_tinystdio_ryu_table.c.o)
                0x00000000000074fc                __double_computePow5
 .text.__double_computeInvPow5
                0x00000000000075e4       0xf8 /home/sba/zephyr-sdk-0.17.4/arm-zephyr-eabi/bin/../lib/gcc/../../picolibc/arm-zephyr-eabi/lib/thumb/v7e-m/nofp/libc.a(libc_tinystdio_ryu_table.c.o)
                0x00000000000075e4                __double_computeInvPow5
 .text._OffsetAbsSyms
                0x00000000000076dc        0x2 zephyr/CMakeFiles/offsets.dir/./arch/arm/core/offsets/offsets.c.obj
                0x00000000000076dc                _OffsetAbsSyms
 .text.sensor_channel_get
                0x00000000000076de        0x6 app/libapp.a(main.c.obj)
 .text.chunk_size
                0x00000000000076e4        0xa zephyr/libzephyr.a(heap.c.obj)
 .text.free_list_add
                0x00000000000076ee       0x4e zephyr/libzephyr.a(heap.c.obj)
 .text.sys_heap_init
                0x000000000000773c       0x7a zephyr/libzephyr.a(heap.c.obj)
                0x000000000000773c                sys_heap_init
 .text.arch_printk_char_out
                0x00000000000077b6        0x4 zephyr/libzephyr.a(printk.c.obj)
                0x00000000000077b6                arch_printk_char_out
 .text.printk   0x00000000000077ba       0x1a zephyr/libzephyr.a(printk.c.obj)
                0x00000000000077ba                printk
 .text.process_recheck
                0x00000000000077d4       0x38 zephyr/libzephyr.a(onoff.c.obj)
 .text.validate_args
                0x000000000000780c       0x20 zephyr/libzephyr.a(onoff.c.obj)
 .text.notify_one
                0x000000000000782c       0x2c zephyr/libzephyr.a(onoff.c.obj)
 .text.transition_complete
                0x0000000000007858       0x1a zephyr/libzephyr.a(onoff.c.obj)
 .text.onoff_manager_init
                0x0000000000007872       0x26 zephyr/libzephyr.a(onoff.c.obj)
                0x0000000000007872                onoff_manager_init
 .text.onoff_request
                0x0000000000007898       0xae zephyr/libzephyr.a(onoff.c.obj)
                0x0000000000007898                onoff_request
 .text.onoff_release
                0x0000000000007946       0x48 zephyr/libzephyr.a(onoff.c.obj)
                0x0000000000007946                onoff_release
 .text.sys_notify_validate
                0x000000000000798e       0x22 zephyr/libzephyr.a(notify.c.obj)
                0x000000000000798e                sys_notify_validate
 .text.sys_notify_finalize
                0x00000000000079b0       0x1a zephyr/libzephyr.a(notify.c.obj)
                0x00000000000079b0                sys_notify_finalize
 .text._ConfigAbsSyms
                0x00000000000079ca        0x2 zephyr/libzephyr.a(configs.c.obj)
                0x00000000000079ca                _ConfigAbsSyms
 .text.lis2mdl_read_reg
                0x00000000000079cc       0x16 zephyr/libzephyr.a(lis2mdl_reg.c.obj)
                0x00000000000079cc                lis2mdl_read_reg
 .text.lis2mdl_write_reg
                0x00000000000079e2       0x16 zephyr/libzephyr.a(lis2mdl_reg.c.obj)
                0x00000000000079e2                lis2mdl_write_reg
 .text.lis2mdl_mag_user_offset_set
                0x00000000000079f8       0x24 zephyr/libzephyr.a(lis2mdl_reg.c.obj)
                0x00000000000079f8                lis2mdl_mag_user_offset_set
 .text.lis2mdl_operating_mode_set
                0x0000000000007a1c       0x2e zephyr/libzephyr.a(lis2mdl_reg.c.obj)
                0x0000000000007a1c                lis2mdl_operating_mode_set
 .text.lis2mdl_data_rate_set
                0x0000000000007a4a       0x2e zephyr/libzephyr.a(lis2mdl_reg.c.obj)
                0x0000000000007a4a                lis2mdl_data_rate_set
 .text.lis2mdl_offset_temp_comp_set
                0x0000000000007a78       0x2e zephyr/libzephyr.a(lis2mdl_reg.c.obj)
                0x0000000000007a78                lis2mdl_offset_temp_comp_set
 .text.lis2mdl_set_rst_mode_set
                0x0000000000007aa6       0x2e zephyr/libzephyr.a(lis2mdl_reg.c.obj)
                0x0000000000007aa6                lis2mdl_set_rst_mode_set
 .text.lis2mdl_set_rst_sensor_single_set
                0x0000000000007ad4       0x2e zephyr/libzephyr.a(lis2mdl_reg.c.obj)
                0x0000000000007ad4                lis2mdl_set_rst_sensor_single_set
 .text.lis2mdl_block_data_update_set
                0x0000000000007b02       0x2e zephyr/libzephyr.a(lis2mdl_reg.c.obj)
                0x0000000000007b02                lis2mdl_block_data_update_set
 .text.lis2mdl_magnetic_raw_get
                0x0000000000007b30       0x3c zephyr/libzephyr.a(lis2mdl_reg.c.obj)
                0x0000000000007b30                lis2mdl_magnetic_raw_get
 .text.lis2mdl_temperature_raw_get
                0x0000000000007b6c       0x20 zephyr/libzephyr.a(lis2mdl_reg.c.obj)
                0x0000000000007b6c                lis2mdl_temperature_raw_get
 .text.lis2mdl_device_id_get
                0x0000000000007b8c        0xe zephyr/libzephyr.a(lis2mdl_reg.c.obj)
                0x0000000000007b8c                lis2mdl_device_id_get
 .text.lis2mdl_reset_set
                0x0000000000007b9a       0x2e zephyr/libzephyr.a(lis2mdl_reg.c.obj)
                0x0000000000007b9a                lis2mdl_reset_set
 .text.lis2mdl_boot_set
                0x0000000000007bc8       0x2e zephyr/libzephyr.a(lis2mdl_reg.c.obj)
                0x0000000000007bc8                lis2mdl_boot_set
 .text.lis2mdl_drdy_on_pin_set
                0x0000000000007bf6       0x2e zephyr/libzephyr.a(lis2mdl_reg.c.obj)
                0x0000000000007bf6                lis2mdl_drdy_on_pin_set
 .text.lis2mdl_spi_mode_set
                0x0000000000007c24       0x2e zephyr/libzephyr.a(lis2mdl_reg.c.obj)
                0x0000000000007c24                lis2mdl_spi_mode_set
 .text.arch_early_memset
                0x0000000000007c52        0x4 zephyr/arch/common/libarch__common.a(init.c.obj)
                0x0000000000007c52                arch_early_memset
 .text.arch_early_memcpy
                0x0000000000007c56        0x4 zephyr/arch/common/libarch__common.a(init.c.obj)
                0x0000000000007c56                arch_early_memcpy
 .text.z_do_kernel_oops
                0x0000000000007c5a        0x8 zephyr/arch/arch/arm/core/libarch__arm__core.a(fatal.c.obj)
                0x0000000000007c5a                z_do_kernel_oops
 .text.z_arm_nmi
                0x0000000000007c62        0xe zephyr/arch/arch/arm/core/libarch__arm__core.a(nmi.c.obj)
                0x0000000000007c62                z_arm_nmi
 .text.z_irq_spurious
                0x0000000000007c70        0x8 zephyr/arch/arch/arm/core/cortex_m/libarch__arm__core__cortex_m.a(irq_manage.c.obj)
                0x0000000000007c70                z_irq_spurious
 .text.arch_coprocessors_disable
                0x0000000000007c78        0x6 zephyr/arch/arch/arm/core/cortex_m/libarch__arm__core__cortex_m.a(thread.c.obj)
                0x0000000000007c78                arch_coprocessors_disable
 .text.arch_irq_unlock_outlined
                0x0000000000007c7e        0xe zephyr/arch/arch/arm/core/cortex_m/libarch__arm__core__cortex_m.a(thread.c.obj)
                0x0000000000007c7e                arch_irq_unlock_outlined
 .text.arch_cpu_idle
                0x0000000000007c8c       0x1a zephyr/arch/arch/arm/core/cortex_m/libarch__arm__core__cortex_m.a(cpu_idle.c.obj)
                0x0000000000007c8c                arch_cpu_idle
 .text.arch_cpu_atomic_idle
                0x0000000000007ca6       0x1e zephyr/arch/arch/arm/core/cortex_m/libarch__arm__core__cortex_m.a(cpu_idle.c.obj)
                0x0000000000007ca6                arch_cpu_atomic_idle
 .text.picolibc_put
                0x0000000000007cc4        0xa zephyr/lib/libc/picolibc/liblib__libc__picolibc.a(stdio.c.obj)
 .text.get_status
                0x0000000000007cce       0x12 zephyr/drivers/clock_control/libdrivers__clock_control.a(clock_control_nrf.c.obj)
 .text.stop     0x0000000000007ce0       0x52 zephyr/drivers/clock_control/libdrivers__clock_control.a(clock_control_nrf.c.obj)
 .text.api_stop
                0x0000000000007d32        0x6 zephyr/drivers/clock_control/libdrivers__clock_control.a(clock_control_nrf.c.obj)
 .text.async_start
                0x0000000000007d38       0x5c zephyr/drivers/clock_control/libdrivers__clock_control.a(clock_control_nrf.c.obj)
 .text.api_start
                0x0000000000007d94        0xe zephyr/drivers/clock_control/libdrivers__clock_control.a(clock_control_nrf.c.obj)
 .text.onoff_started_callback
                0x0000000000007da2       0x12 zephyr/drivers/clock_control/libdrivers__clock_control.a(clock_control_nrf.c.obj)
 .text.lfclk_start
                0x0000000000007db4        0x6 zephyr/drivers/clock_control/libdrivers__clock_control.a(clock_control_nrf.c.obj)
 .text.blocking_start_callback
                0x0000000000007dba        0x6 zephyr/drivers/clock_control/libdrivers__clock_control.a(clock_control_nrf.c.obj)
 .text.lfclk_stop
                0x0000000000007dc0       0x10 zephyr/drivers/clock_control/libdrivers__clock_control.a(clock_control_nrf.c.obj)
 .text.timeout_handler
                0x0000000000007dd0        0x4 zephyr/drivers/clock_control/libdrivers__clock_control.a(nrf_clock_calibration.c.obj)
 .text.set_pin  0x0000000000007dd4       0x38 zephyr/drivers/display/libdrivers__display.a(display_nrf_led_matrix.c.obj)
 .text.api_blanking_on
                0x0000000000007e0c       0x42 zephyr/drivers/display/libdrivers__display.a(display_nrf_led_matrix.c.obj)
 .text.api_blanking_off
                0x0000000000007e4e       0x24 zephyr/drivers/display/libdrivers__display.a(display_nrf_led_matrix.c.obj)
 .text.api_get_framebuffer
                0x0000000000007e72        0x6 zephyr/drivers/display/libdrivers__display.a(display_nrf_led_matrix.c.obj)
 .text.api_set_brightness
                0x0000000000007e78       0x42 zephyr/drivers/display/libdrivers__display.a(display_nrf_led_matrix.c.obj)
 .text.api_set_pixel_format
                0x0000000000007eba        0xc zephyr/drivers/display/libdrivers__display.a(display_nrf_led_matrix.c.obj)
 .text.api_set_orientation
                0x0000000000007ec6        0xc zephyr/drivers/display/libdrivers__display.a(display_nrf_led_matrix.c.obj)
 .text.api_get_capabilities
                0x0000000000007ed2       0x12 zephyr/drivers/display/libdrivers__display.a(display_nrf_led_matrix.c.obj)
 .text.timer_irq_handler
                0x0000000000007ee4       0xde zephyr/drivers/display/libdrivers__display.a(display_nrf_led_matrix.c.obj)
 .text.api_write
                0x0000000000007fc2       0xaa zephyr/drivers/display/libdrivers__display.a(display_nrf_led_matrix.c.obj)
 .text.reset_display.isra.0
                0x000000000000806c       0x1e zephyr/drivers/display/libdrivers__display.a(mb_display.c.obj)
 .text.update_content.isra.0
                0x000000000000808a       0xa0 zephyr/drivers/display/libdrivers__display.a(mb_display.c.obj)
 .text.start_image.isra.0
                0x000000000000812a       0x22 zephyr/drivers/display/libdrivers__display.a(mb_display.c.obj)
 .text.mb_display_stop
                0x000000000000814c       0x18 zephyr/drivers/display/libdrivers__display.a(mb_display.c.obj)
                0x000000000000814c                mb_display_stop
 .text.gpio_nrfx_port_get_raw
                0x0000000000008164        0xe zephyr/drivers/gpio/libdrivers__gpio.a(gpio_nrfx.c.obj)
 .text.gpio_nrfx_port_set_masked_raw
                0x0000000000008172       0x18 zephyr/drivers/gpio/libdrivers__gpio.a(gpio_nrfx.c.obj)
 .text.gpio_nrfx_port_set_bits_raw
                0x000000000000818a        0xc zephyr/drivers/gpio/libdrivers__gpio.a(gpio_nrfx.c.obj)
 .text.gpio_nrfx_port_clear_bits_raw
                0x0000000000008196        0xc zephyr/drivers/gpio/libdrivers__gpio.a(gpio_nrfx.c.obj)
 .text.gpio_nrfx_port_toggle_bits
                0x00000000000081a2       0x1a zephyr/drivers/gpio/libdrivers__gpio.a(gpio_nrfx.c.obj)
 .text.gpio_nrfx_manage_callback
                0x00000000000081bc       0x52 zephyr/drivers/gpio/libdrivers__gpio.a(gpio_nrfx.c.obj)
 .text.i2c_nrfx_twim_deinit
                0x000000000000820e        0x4 zephyr/drivers/i2c/libdrivers__i2c.a(i2c_nrfx_twim.c.obj)
 .text.irq_connect0
                0x0000000000008212        0xa zephyr/drivers/i2c/libdrivers__i2c.a(i2c_nrfx_twim.c.obj)
 .text.i2c_nrfx_twim_init
                0x000000000000821c       0x26 zephyr/drivers/i2c/libdrivers__i2c.a(i2c_nrfx_twim.c.obj)
 .text.i2c_nrfx_twim_exclusive_access_acquire
                0x0000000000008242        0x6 zephyr/drivers/i2c/libdrivers__i2c.a(i2c_nrfx_twim.c.obj)
                0x0000000000008242                i2c_nrfx_twim_exclusive_access_acquire
 .text.i2c_nrfx_twim_exclusive_access_release
                0x0000000000008248        0x6 zephyr/drivers/i2c/libdrivers__i2c.a(i2c_nrfx_twim.c.obj)
                0x0000000000008248                i2c_nrfx_twim_exclusive_access_release
 .text.pinctrl_apply_state.isra.0
                0x000000000000824e       0x1e zephyr/drivers/i2c/libdrivers__i2c.a(i2c_nrfx_twim_common.c.obj)
 .text.i2c_nrfx_twim_configure
                0x000000000000826c       0x2e zephyr/drivers/i2c/libdrivers__i2c.a(i2c_nrfx_twim_common.c.obj)
                0x000000000000826c                i2c_nrfx_twim_configure
 .text.twim_nrfx_pm_resume
                0x000000000000829a       0x16 zephyr/drivers/i2c/libdrivers__i2c.a(i2c_nrfx_twim_common.c.obj)
                0x000000000000829a                twim_nrfx_pm_resume
 .text.twim_nrfx_pm_suspend
                0x00000000000082b0       0x16 zephyr/drivers/i2c/libdrivers__i2c.a(i2c_nrfx_twim_common.c.obj)
                0x00000000000082b0                twim_nrfx_pm_suspend
 .text.i2c_nrfx_twim_common_deinit
                0x00000000000082c6       0x12 zephyr/drivers/i2c/libdrivers__i2c.a(i2c_nrfx_twim_common.c.obj)
                0x00000000000082c6                i2c_nrfx_twim_common_deinit
 .text.gpio_pin_get
                0x00000000000082d8       0x28 zephyr/drivers/input/libdrivers__input.a(input_gpio_keys.c.obj)
 .text.gpio_keys_interrupt
                0x0000000000008300       0x34 zephyr/drivers/input/libdrivers__input.a(input_gpio_keys.c.obj)
 .text.pinctrl_lookup_state
                0x0000000000008334       0x26 zephyr/drivers/pinctrl/libdrivers__pinctrl.a(common.c.obj)
                0x0000000000008334                pinctrl_lookup_state
 .text.i2c_write_read.constprop.0
                0x000000000000835a       0x38 zephyr/drivers/sensor/st/stmemsc/libdrivers__sensor__st__stmemsc.a(stmemsc_i2c.c.obj)
 .text.stmemsc_i2c_read
                0x0000000000008392       0x1c zephyr/drivers/sensor/st/stmemsc/libdrivers__sensor__st__stmemsc.a(stmemsc_i2c.c.obj)
                0x0000000000008392                stmemsc_i2c_read
 .text.stmemsc_i2c_write
                0x00000000000083ae       0x46 zephyr/drivers/sensor/st/stmemsc/libdrivers__sensor__st__stmemsc.a(stmemsc_i2c.c.obj)
                0x00000000000083ae                stmemsc_i2c_write
 .text.stmemsc_mdelay
                0x00000000000083f4       0x26 zephyr/drivers/sensor/st/stmemsc/libdrivers__sensor__st__stmemsc.a(stmemsc_mdelay.c.obj)
                0x00000000000083f4                stmemsc_mdelay
 .text.lis2dh_fetch_xyz.constprop.0
                0x000000000000841a       0x22 zephyr/drivers/sensor/st/lis2dh/libdrivers__sensor__st__lis2dh.a(lis2dh.c.obj)
 .text.lis2dh_sample_fetch
                0x000000000000843c       0x1a zephyr/drivers/sensor/st/lis2dh/libdrivers__sensor__st__lis2dh.a(lis2dh.c.obj)
 .text.lis2dh_init
                0x0000000000008456       0x46 zephyr/drivers/sensor/st/lis2dh/libdrivers__sensor__st__lis2dh.a(lis2dh.c.obj)
 .text.i2c_transfer
                0x000000000000849c       0x1e zephyr/drivers/sensor/st/lis2dh/libdrivers__sensor__st__lis2dh.a(lis2dh_i2c.c.obj)
 .text.lis2dh_i2c_write_data
                0x00000000000084ba       0x38 zephyr/drivers/sensor/st/lis2dh/libdrivers__sensor__st__lis2dh.a(lis2dh_i2c.c.obj)
 .text.lis2dh_i2c_read_data
                0x00000000000084f2       0x3a zephyr/drivers/sensor/st/lis2dh/libdrivers__sensor__st__lis2dh.a(lis2dh_i2c.c.obj)
 .text.lis2dh_i2c_write_reg
                0x000000000000852c       0x2a zephyr/drivers/sensor/st/lis2dh/libdrivers__sensor__st__lis2dh.a(lis2dh_i2c.c.obj)
 .text.lis2dh_i2c_read_reg
                0x0000000000008556       0x34 zephyr/drivers/sensor/st/lis2dh/libdrivers__sensor__st__lis2dh.a(lis2dh_i2c.c.obj)
 .text.lis2dh_i2c_update_reg
                0x000000000000858a       0x7a zephyr/drivers/sensor/st/lis2dh/libdrivers__sensor__st__lis2dh.a(lis2dh_i2c.c.obj)
 .text.get_single_mode_raw_data
                0x0000000000008604       0x34 zephyr/drivers/sensor/st/lis2mdl/libdrivers__sensor__st__lis2mdl.a(lis2mdl.c.obj)
 .text.lis2mdl_init
                0x0000000000008638       0xfa zephyr/drivers/sensor/st/lis2mdl/libdrivers__sensor__st__lis2mdl.a(lis2mdl.c.obj)
 .text.lis2mdl_sample_fetch_temp.isra.0
                0x0000000000008732       0x1c zephyr/drivers/sensor/st/lis2mdl/libdrivers__sensor__st__lis2mdl.a(lis2mdl.c.obj)
 .text.lis2mdl_sample_fetch_mag.isra.0
                0x000000000000874e       0x82 zephyr/drivers/sensor/st/lis2mdl/libdrivers__sensor__st__lis2mdl.a(lis2mdl.c.obj)
 .text.lis2mdl_sample_fetch
                0x00000000000087d0       0x2e zephyr/drivers/sensor/st/lis2mdl/libdrivers__sensor__st__lis2mdl.a(lis2mdl.c.obj)
 .text.lis2mdl_attr_set
                0x00000000000087fe       0x70 zephyr/drivers/sensor/st/lis2mdl/libdrivers__sensor__st__lis2mdl.a(lis2mdl.c.obj)
 .text.lis2mdl_gpio_callback
                0x000000000000886e       0x20 zephyr/drivers/sensor/st/lis2mdl/libdrivers__sensor__st__lis2mdl.a(lis2mdl_trigger.c.obj)
 .text.lis2mdl_work_cb
                0x000000000000888e       0x2e zephyr/drivers/sensor/st/lis2mdl/libdrivers__sensor__st__lis2mdl.a(lis2mdl_trigger.c.obj)
 .text.lis2mdl_trigger_set
                0x00000000000088bc       0x40 zephyr/drivers/sensor/st/lis2mdl/libdrivers__sensor__st__lis2mdl.a(lis2mdl_trigger.c.obj)
                0x00000000000088bc                lis2mdl_trigger_set
 .text.event_clear
                0x00000000000088fc       0x18 zephyr/drivers/timer/libdrivers__timer.a(nrf_rtc_timer.c.obj)
 .text.nrfx_isr
                0x0000000000008914        0x2 modules/hal_nordic/nrfx/libmodules__hal_nordic__nrfx.a(nrfx_glue.c.obj)
                0x0000000000008914                nrfx_isr
 .text.nrfx_busy_wait
                0x0000000000008916        0x4 modules/hal_nordic/nrfx/libmodules__hal_nordic__nrfx.a(nrfx_glue.c.obj)
                0x0000000000008916                nrfx_busy_wait
 .text.clock_stop
                0x000000000000891a       0xb0 modules/hal_nordic/nrfx/libmodules__hal_nordic__nrfx.a(nrfx_clock.c.obj)
 .text.nrfx_clock_stop
                0x00000000000089ca        0x4 modules/hal_nordic/nrfx/libmodules__hal_nordic__nrfx.a(nrfx_clock.c.obj)
                0x00000000000089ca                nrfx_clock_stop
 .text.nrf_gpio_reconfigure
                0x00000000000089ce       0x92 modules/hal_nordic/nrfx/libmodules__hal_nordic__nrfx.a(nrfx_gpiote.c.obj)
 .text.nrf_gpio_cfg_sense_set
                0x0000000000008a60       0x1e modules/hal_nordic/nrfx/libmodules__hal_nordic__nrfx.a(nrfx_gpiote.c.obj)
 .text.pin_trigger_disable
                0x0000000000008a7e       0x48 modules/hal_nordic/nrfx/libmodules__hal_nordic__nrfx.a(nrfx_gpiote.c.obj)
 .text.nrfx_gpiote_pin_uninit
                0x0000000000008ac6        0x4 modules/hal_nordic/nrfx/libmodules__hal_nordic__nrfx.a(nrfx_gpiote.c.obj)
                0x0000000000008ac6                nrfx_gpiote_pin_uninit
 .text.nrfx_gpiote_trigger_disable
                0x0000000000008aca        0x4 modules/hal_nordic/nrfx/libmodules__hal_nordic__nrfx.a(nrfx_gpiote.c.obj)
                0x0000000000008aca                nrfx_gpiote_trigger_disable
 .text.xfer_completeness_check
                0x0000000000008ace       0x62 modules/hal_nordic/nrfx/libmodules__hal_nordic__nrfx.a(nrfx_twim.c.obj)
 .text.pins_configure
                0x0000000000008b30       0x24 modules/hal_nordic/nrfx/libmodules__hal_nordic__nrfx.a(nrfx_twim.c.obj)
 .text.__nrfy_internal_twim_event_handle.isra.0
                0x0000000000008b54       0x22 modules/hal_nordic/nrfx/libmodules__hal_nordic__nrfx.a(nrfx_twim.c.obj)
 .text.__nrfy_internal_twim_events_process.constprop.0
                0x0000000000008b76       0x54 modules/hal_nordic/nrfx/libmodules__hal_nordic__nrfx.a(nrfx_twim.c.obj)
 .text.nrf_gpio_pin_set
                0x0000000000008bca       0x1a modules/hal_nordic/nrfx/libmodules__hal_nordic__nrfx.a(nrfx_twi_twim.c.obj)
 .text.z_impl_k_busy_wait
                0x0000000000008be4        0x8 zephyr/kernel/libkernel.a(busy_wait.c.obj)
                0x0000000000008be4                z_impl_k_busy_wait
 .text.do_device_init
                0x0000000000008bec       0x30 zephyr/kernel/libkernel.a(device.c.obj)
                0x0000000000008bec                do_device_init
 .text.z_impl_device_is_ready
                0x0000000000008c1c       0x16 zephyr/kernel/libkernel.a(device.c.obj)
                0x0000000000008c1c                z_impl_device_is_ready
 .text.arch_system_halt
                0x0000000000008c32       0x10 zephyr/kernel/libkernel.a(fatal.c.obj)
                0x0000000000008c32                arch_system_halt
 .text.k_sys_fatal_error_handler
                0x0000000000008c42        0x6 zephyr/kernel/libkernel.a(fatal.c.obj)
                0x0000000000008c42                k_sys_fatal_error_handler
 .text.idle     0x0000000000008c48       0x16 zephyr/kernel/libkernel.a(idle.c.obj)
                0x0000000000008c48                idle
 .text.unpend_thread_no_timeout
                0x0000000000008c5e       0x1a zephyr/kernel/libkernel.a(msg_q.c.obj)
 .text.z_impl_k_msgq_put
                0x0000000000008c78        0xe zephyr/kernel/libkernel.a(msg_q.c.obj)
                0x0000000000008c78                z_impl_k_msgq_put
 .text.adjust_owner_prio.isra.0
                0x0000000000008c86       0x10 zephyr/kernel/libkernel.a(mutex.c.obj)
 .text.z_impl_k_mutex_init
                0x0000000000008c96        0xe zephyr/kernel/libkernel.a(mutex.c.obj)
                0x0000000000008c96                z_impl_k_mutex_init
 .text.z_impl_k_sem_init
                0x0000000000008ca4       0x18 zephyr/kernel/libkernel.a(sem.c.obj)
                0x0000000000008ca4                z_impl_k_sem_init
 .text.flag_test_and_clear
                0x0000000000008cbc       0x16 zephyr/kernel/libkernel.a(work.c.obj)
 .text.unschedule_locked
                0x0000000000008cd2       0x1e zephyr/kernel/libkernel.a(work.c.obj)
 .text.notify_queue_locked.isra.0
                0x0000000000008cf0        0xe zephyr/kernel/libkernel.a(work.c.obj)
 .text.cancel_async_locked
                0x0000000000008cfe       0x5a zephyr/kernel/libkernel.a(work.c.obj)
 .text.work_timeout
                0x0000000000008d58       0x3c zephyr/kernel/libkernel.a(work.c.obj)
 .text.z_work_submit_to_queue
                0x0000000000008d94       0x26 zephyr/kernel/libkernel.a(work.c.obj)
                0x0000000000008d94                z_work_submit_to_queue
 .text.k_work_submit_to_queue
                0x0000000000008dba       0x20 zephyr/kernel/libkernel.a(work.c.obj)
                0x0000000000008dba                k_work_submit_to_queue
 .text.k_work_init_delayable
                0x0000000000008dda       0x18 zephyr/kernel/libkernel.a(work.c.obj)
                0x0000000000008dda                k_work_init_delayable
 .text.k_work_cancel_delayable_sync
                0x0000000000008df2       0x60 zephyr/kernel/libkernel.a(work.c.obj)
                0x0000000000008df2                k_work_cancel_delayable_sync
 .text.k_is_in_isr
                0x0000000000008e52        0xc zephyr/kernel/libkernel.a(thread.c.obj)
                0x0000000000008e52                k_is_in_isr
 .text.z_impl_k_thread_name_set
                0x0000000000008e5e        0x6 zephyr/kernel/libkernel.a(thread.c.obj)
                0x0000000000008e5e                z_impl_k_thread_name_set
 .text.sys_dlist_remove
                0x0000000000008e64       0x10 zephyr/kernel/libkernel.a(sched.c.obj)
 .text.unpend_thread_no_timeout
                0x0000000000008e74       0x14 zephyr/kernel/libkernel.a(sched.c.obj)
 .text.add_to_waitq_locked
                0x0000000000008e88       0x50 zephyr/kernel/libkernel.a(sched.c.obj)
 .text.z_ready_thread
                0x0000000000008ed8       0x1e zephyr/kernel/libkernel.a(sched.c.obj)
                0x0000000000008ed8                z_ready_thread
 .text.z_unpend_thread_no_timeout
                0x0000000000008ef6       0x22 zephyr/kernel/libkernel.a(sched.c.obj)
                0x0000000000008ef6                z_unpend_thread_no_timeout
 .text.z_sched_wake_thread
                0x0000000000008f18       0x3a zephyr/kernel/libkernel.a(sched.c.obj)
                0x0000000000008f18                z_sched_wake_thread
 .text.z_thread_timeout
                0x0000000000008f52        0x8 zephyr/kernel/libkernel.a(sched.c.obj)
                0x0000000000008f52                z_thread_timeout
 .text.z_unpend1_no_timeout
                0x0000000000008f5a       0x2c zephyr/kernel/libkernel.a(sched.c.obj)
                0x0000000000008f5a                z_unpend1_no_timeout
 .text.z_impl_k_sleep
                0x0000000000008f86       0x4e zephyr/kernel/libkernel.a(sched.c.obj)
                0x0000000000008f86                z_impl_k_sleep
 .text.z_sched_wake
                0x0000000000008fd4       0x44 zephyr/kernel/libkernel.a(sched.c.obj)
                0x0000000000008fd4                z_sched_wake
 .text.next_timeout
                0x0000000000009018       0x2e zephyr/kernel/libkernel.a(timeout.c.obj)
 .text.z_abort_timeout
                0x0000000000009046       0x50 zephyr/kernel/libkernel.a(timeout.c.obj)
                0x0000000000009046                z_abort_timeout
 .text.sys_clock_tick_get_32
                0x0000000000009096        0x8 zephyr/kernel/libkernel.a(timeout.c.obj)
                0x0000000000009096                sys_clock_tick_get_32
 .text.z_impl_k_uptime_ticks
                0x000000000000909e        0x4 zephyr/kernel/libkernel.a(timeout.c.obj)
                0x000000000000909e                z_impl_k_uptime_ticks
 .text.z_impl_k_timer_stop
                0x00000000000090a2       0x38 zephyr/kernel/libkernel.a(timer.c.obj)
                0x00000000000090a2                z_impl_k_timer_stop
 .text.k_heap_init
                0x00000000000090da       0x10 zephyr/kernel/libkernel.a(kheap.c.obj)
                0x00000000000090da                k_heap_init
 .text.memcpy   0x00000000000090ea       0x1c /home/sba/zephyr-sdk-0.17.4/arm-zephyr-eabi/bin/../lib/gcc/../../picolibc/arm-zephyr-eabi/lib/thumb/v7e-m/nofp/libc.a(memcpy.c.o)
                0x00000000000090ea                memcpy
                0x00000000000090ea                __aeabi_memcpy
                0x00000000000090ea                __aeabi_memcpy4
                0x00000000000090ea                __aeabi_memcpy8
 .text.memset   0x0000000000009106       0x10 /home/sba/zephyr-sdk-0.17.4/arm-zephyr-eabi/bin/../lib/gcc/../../picolibc/arm-zephyr-eabi/lib/thumb/v7e-m/nofp/libc.a(memset.c.o)
                0x0000000000009106                memset
 .text.strnlen  0x0000000000009116       0x18 /home/sba/zephyr-sdk-0.17.4/arm-zephyr-eabi/bin/../lib/gcc/../../picolibc/arm-zephyr-eabi/lib/thumb/v7e-m/nofp/libc.a(libc_string_strnlen.c.o)
                0x0000000000009116                strnlen
 .text.__ultoa_invert
                0x000000000000912e       0x50 /home/sba/zephyr-sdk-0.17.4/arm-zephyr-eabi/bin/../lib/gcc/../../picolibc/arm-zephyr-eabi/lib/thumb/v7e-m/nofp/libc.a(libc_tinystdio_vfprintf.c.o)
 .text.mulShiftAll64
                0x000000000000917e      0x176 /home/sba/zephyr-sdk-0.17.4/arm-zephyr-eabi/bin/../lib/gcc/../../picolibc/arm-zephyr-eabi/lib/thumb/v7e-m/nofp/libc.a(libc_tinystdio_dtoa_ryu.c.o)
 .text.__umul128
                0x00000000000092f4       0x36 /home/sba/zephyr-sdk-0.17.4/arm-zephyr-eabi/bin/../lib/gcc/../../picolibc/arm-zephyr-eabi/lib/thumb/v7e-m/nofp/libc.a(libc_tinystdio_ryu_umul128.c.o)
                0x00000000000092f4                __umul128
 .text.__shiftright128
                0x000000000000932a       0x3e /home/sba/zephyr-sdk-0.17.4/arm-zephyr-eabi/bin/../lib/gcc/../../picolibc/arm-zephyr-eabi/lib/thumb/v7e-m/nofp/libc.a(libc_tinystdio_ryu_umul128.c.o)
                0x000000000000932a                __shiftright128
 .text.__dtox_engine
                0x0000000000009368      0x128 /home/sba/zephyr-sdk-0.17.4/arm-zephyr-eabi/bin/../lib/gcc/../../picolibc/arm-zephyr-eabi/lib/thumb/v7e-m/nofp/libc.a(libc_tinystdio_dtox_engine.c.o)
                0x0000000000009368                __dtox_engine
 *(SORT_BY_ALIGNMENT(.TEXT.*))
 .TEXT.__aeabi_read_tp
                0x0000000000009490        0xc zephyr/arch/arch/arm/core/cortex_m/libarch__arm__core__cortex_m.a(__aeabi_read_tp.S.obj)
                0x0000000000009490                __aeabi_read_tp
 *(SORT_BY_ALIGNMENT(.gnu.linkonce.t.*))
 *(SORT_BY_ALIGNMENT(.glue_7t))
 .glue_7t       0x000000000000949c        0x0 linker stubs
 *(SORT_BY_ALIGNMENT(.glue_7))
 .glue_7        0x000000000000949c        0x0 linker stubs
 *(SORT_BY_ALIGNMENT(.vfp11_veneer))
 .vfp11_veneer  0x000000000000949c        0x0 linker stubs
 *(SORT_BY_ALIGNMENT(.v4_bx))
 .v4_bx         0x000000000000949c        0x0 linker stubs
                0x000000000000949c                . = ALIGN (0x4)
                0x000000000000949c                __text_region_end = .

.ARM.exidx      0x000000000000949c        0x8
                0x000000000000949c                __exidx_start = .
 *(SORT_BY_ALIGNMENT(.ARM.exidx*) SORT_BY_ALIGNMENT(gnu.linkonce.armexidx.*))
 .ARM.exidx     0x000000000000949c        0x8 /home/sba/zephyr-sdk-0.17.4/arm-zephyr-eabi/bin/../lib/gcc/arm-zephyr-eabi/12.2.0/thumb/v7e-m/nofp/libgcc.a(_udivmoddi4.o)
                0x00000000000094a4                __exidx_end = .
                0x00000000000094a4                __rodata_region_start = .

initlevel       0x00000000000094a4       0x88
                0x00000000000094a4                __init_start = .
                0x00000000000094a4                __init_EARLY_start = .
 *(SORT_BY_NAME(SORT_BY_ALIGNMENT(.z_init_EARLY_P_?_*)))
 *(SORT_BY_NAME(SORT_BY_ALIGNMENT(.z_init_EARLY_P_??_*)))
 *(SORT_BY_NAME(SORT_BY_ALIGNMENT(.z_init_EARLY_P_???_*)))
                0x00000000000094a4                __init_PRE_KERNEL_1_start = .
 *(SORT_BY_NAME(SORT_BY_ALIGNMENT(.z_init_PRE_KERNEL_1_P_?_*)))
 .z_init_PRE_KERNEL_1_P_0_SUB_0_
                0x00000000000094a4        0x8 zephyr/soc/soc/nrf52833/libsoc__nordic.a(soc.c.obj)
 *(SORT_BY_NAME(SORT_BY_ALIGNMENT(.z_init_PRE_KERNEL_1_P_??_*)))
 .z_init_PRE_KERNEL_1_P_30_SUB_00039_
                0x00000000000094ac        0x8 zephyr/drivers/clock_control/libdrivers__clock_control.a(clock_control_nrf.c.obj)
 .z_init_PRE_KERNEL_1_P_30_SUB_0_
                0x00000000000094b4        0x8 zephyr/kernel/libkernel.a(kheap.c.obj)
 .z_init_PRE_KERNEL_1_P_40_SUB_00008_
                0x00000000000094bc        0x8 zephyr/drivers/gpio/libdrivers__gpio.a(gpio_nrfx.c.obj)
 .z_init_PRE_KERNEL_1_P_40_SUB_00009_
                0x00000000000094c4        0x8 zephyr/drivers/gpio/libdrivers__gpio.a(gpio_nrfx.c.obj)
 .z_init_PRE_KERNEL_1_P_50_SUB_00073_
                0x00000000000094cc        0x8 zephyr/drivers/serial/libdrivers__serial.a(uart_nrfx_uart.c.obj)
 .z_init_PRE_KERNEL_1_P_60_SUB_0_
                0x00000000000094d4        0x8 zephyr/drivers/console/libdrivers__console.a(uart_console.c.obj)
 *(SORT_BY_NAME(SORT_BY_ALIGNMENT(.z_init_PRE_KERNEL_1_P_???_*)))
                0x00000000000094dc                __init_PRE_KERNEL_2_start = .
 *(SORT_BY_NAME(SORT_BY_ALIGNMENT(.z_init_PRE_KERNEL_2_P_?_*)))
 .z_init_PRE_KERNEL_2_P_0_SUB_0_
                0x00000000000094dc        0x8 zephyr/drivers/timer/libdrivers__timer.a(nrf_rtc_timer.c.obj)
 *(SORT_BY_NAME(SORT_BY_ALIGNMENT(.z_init_PRE_KERNEL_2_P_??_*)))
 *(SORT_BY_NAME(SORT_BY_ALIGNMENT(.z_init_PRE_KERNEL_2_P_???_*)))
                0x00000000000094e4                __init_POST_KERNEL_start = .
 *(SORT_BY_NAME(SORT_BY_ALIGNMENT(.z_init_POST_KERNEL_P_?_*)))
 *(SORT_BY_NAME(SORT_BY_ALIGNMENT(.z_init_POST_KERNEL_P_??_*)))
 .z_init_POST_KERNEL_P_35_SUB_0_
                0x00000000000094e4        0x8 zephyr/lib/libc/common/liblib__libc__common.a(malloc.c.obj)
 .z_init_POST_KERNEL_P_40_SUB_0_
                0x00000000000094ec        0x8 zephyr/kernel/libkernel.a(system_work_q.c.obj)
 .z_init_POST_KERNEL_P_50_SUB_00086_
                0x00000000000094f4        0x8 zephyr/drivers/i2c/libdrivers__i2c.a(i2c_nrfx_twim.c.obj)
 .z_init_POST_KERNEL_P_85_SUB_00012_
                0x00000000000094fc        0x8 zephyr/drivers/display/libdrivers__display.a(display_nrf_led_matrix.c.obj)
 .z_init_POST_KERNEL_P_90_SUB_00020_
                0x0000000000009504        0x8 zephyr/drivers/input/libdrivers__input.a(input_gpio_keys.c.obj)
 .z_init_POST_KERNEL_P_90_SUB_00068_
                0x000000000000950c        0x8 zephyr/drivers/sensor/nordic/temp/libdrivers__sensor__nordic__temp.a(temp_nrf5.c.obj)
 .z_init_POST_KERNEL_P_90_SUB_00087_
                0x0000000000009514        0x8 zephyr/drivers/sensor/st/lis2dh/libdrivers__sensor__st__lis2dh.a(lis2dh.c.obj)
 .z_init_POST_KERNEL_P_90_SUB_00088_
                0x000000000000951c        0x8 zephyr/drivers/sensor/st/lis2mdl/libdrivers__sensor__st__lis2mdl.a(lis2mdl.c.obj)
 *(SORT_BY_NAME(SORT_BY_ALIGNMENT(.z_init_POST_KERNEL_P_???_*)))
                0x0000000000009524                __init_APPLICATION_start = .
 *(SORT_BY_NAME(SORT_BY_ALIGNMENT(.z_init_APPLICATION_P_?_*)))
 *(SORT_BY_NAME(SORT_BY_ALIGNMENT(.z_init_APPLICATION_P_??_*)))
 .z_init_APPLICATION_P_85_SUB_0_
                0x0000000000009524        0x8 zephyr/drivers/display/libdrivers__display.a(mb_display.c.obj)
 *(SORT_BY_NAME(SORT_BY_ALIGNMENT(.z_init_APPLICATION_P_???_*)))
                0x000000000000952c                __init_SMP_start = .
 *(SORT_BY_NAME(SORT_BY_ALIGNMENT(.z_init_SMP_P_?_*)))
 *(SORT_BY_NAME(SORT_BY_ALIGNMENT(.z_init_SMP_P_??_*)))
 *(SORT_BY_NAME(SORT_BY_ALIGNMENT(.z_init_SMP_P_???_*)))
                0x000000000000952c                __init_end = .

device_area     0x000000000000952c      0x140
                0x000000000000952c                _device_list_start = .
 *(SORT_BY_NAME(SORT_BY_ALIGNMENT(._device.static.*_?_*)))
 *(SORT_BY_NAME(SORT_BY_ALIGNMENT(._device.static.*_??_*)))
 ._device.static.1_30_
                0x000000000000952c       0x20 zephyr/drivers/clock_control/libdrivers__clock_control.a(clock_control_nrf.c.obj)
                0x000000000000952c                __device_dts_ord_39
 ._device.static.1_40_
                0x000000000000954c       0x40 zephyr/drivers/gpio/libdrivers__gpio.a(gpio_nrfx.c.obj)
                0x000000000000954c                __device_dts_ord_9
                0x000000000000956c                __device_dts_ord_8
 ._device.static.1_50_
                0x000000000000958c       0x20 zephyr/drivers/serial/libdrivers__serial.a(uart_nrfx_uart.c.obj)
                0x000000000000958c                __device_dts_ord_73
 ._device.static.3_50_
                0x00000000000095ac       0x20 zephyr/drivers/i2c/libdrivers__i2c.a(i2c_nrfx_twim.c.obj)
                0x00000000000095ac                __device_dts_ord_86
 ._device.static.3_85_
                0x00000000000095cc       0x20 zephyr/drivers/display/libdrivers__display.a(display_nrf_led_matrix.c.obj)
                0x00000000000095cc                __device_dts_ord_12
 ._device.static.3_90_
                0x00000000000095ec       0x20 zephyr/drivers/input/libdrivers__input.a(input_gpio_keys.c.obj)
                0x00000000000095ec                __device_dts_ord_20
 ._device.static.3_90_
                0x000000000000960c       0x20 zephyr/drivers/sensor/nordic/temp/libdrivers__sensor__nordic__temp.a(temp_nrf5.c.obj)
                0x000000000000960c                __device_dts_ord_68
 ._device.static.3_90_
                0x000000000000962c       0x20 zephyr/drivers/sensor/st/lis2dh/libdrivers__sensor__st__lis2dh.a(lis2dh.c.obj)
                0x000000000000962c                __device_dts_ord_87
 ._device.static.3_90_
                0x000000000000964c       0x20 zephyr/drivers/sensor/st/lis2mdl/libdrivers__sensor__st__lis2mdl.a(lis2mdl.c.obj)
                0x000000000000964c                __device_dts_ord_88
 *(SORT_BY_NAME(SORT_BY_ALIGNMENT(._device.static.*_???_*)))
 *(SORT_BY_NAME(SORT_BY_ALIGNMENT(._device.static.*_????_*)))
 *(SORT_BY_NAME(SORT_BY_ALIGNMENT(._device.static.*_?????_*)))
                0x000000000000966c                _device_list_end = .

sw_isr_table    0x000000000000966c      0x180
                0x000000000000966c                . = ALIGN (0x4)
 *(SORT_BY_ALIGNMENT(.gnu.linkonce.sw_isr_table*))
 .gnu.linkonce.sw_isr_table
                0x000000000000966c      0x180 zephyr/CMakeFiles/zephyr_final.dir/isr_tables.c.obj
                0x000000000000966c                _sw_isr_table

initlevel_error
                0x00000000000094a4        0x0
 *(SORT_BY_NAME(SORT_BY_ALIGNMENT(.z_init_*)))
                0x0000000000000001                ASSERT ((SIZEOF (initlevel_error) == 0x0), Undefined initialization levels used.)

app_shmem_regions
                0x00000000000097ec        0x0
                0x00000000000097ec                __app_shmem_regions_start = .
 *(SORT_BY_NAME(SORT_BY_ALIGNMENT(.app_regions.*)))
                0x00000000000097ec                __app_shmem_regions_end = .

k_p4wq_initparam_area
                0x00000000000097ec        0x0
                0x00000000000097ec                _k_p4wq_initparam_list_start = .
 *(SORT_BY_NAME(SORT_BY_ALIGNMENT(._k_p4wq_initparam.static.*)))
                0x00000000000097ec                _k_p4wq_initparam_list_end = .

_static_thread_data_area
                0x00000000000097f0       0x30
                0x00000000000097f0                __static_thread_data_list_start = .
 *(SORT_BY_NAME(SORT_BY_ALIGNMENT(.__static_thread_data.static.*)))
 .__static_thread_data.static._k_thread_data_input_
                0x00000000000097f0       0x30 zephyr/subsys/input/libsubsys__input.a(input.c.obj)
                0x00000000000097f0                _k_thread_data_input
                0x0000000000009820                __static_thread_data_list_end = .

device_deps     0x0000000000009820        0x0
                0x0000000000009820                __device_deps_start = .
 *(SORT_BY_NAME(SORT_BY_ALIGNMENT(.__device_deps_pass2*)))
                0x0000000000009820                __device_deps_end = .

gpio_driver_api_area
                0x0000000000009820       0x24
                0x0000000000009820                _gpio_driver_api_list_start = .
 *(SORT_BY_NAME(SORT_BY_ALIGNMENT(._gpio_driver_api.static.*)))
 ._gpio_driver_api.static.gpio_nrfx_drv_api_funcs_
                0x0000000000009820       0x24 zephyr/drivers/gpio/libdrivers__gpio.a(gpio_nrfx.c.obj)
                0x0000000000009844                _gpio_driver_api_list_end = .

i2c_driver_api_area
                0x0000000000009844       0x18
                0x0000000000009844                _i2c_driver_api_list_start = .
 *(SORT_BY_NAME(SORT_BY_ALIGNMENT(._i2c_driver_api.static.*)))
 ._i2c_driver_api.static.i2c_nrfx_twim_driver_api_
                0x0000000000009844       0x18 zephyr/drivers/i2c/libdrivers__i2c.a(i2c_nrfx_twim.c.obj)
                0x000000000000985c                _i2c_driver_api_list_end = .

i2c_target_driver_api_area
                0x000000000000985c        0x0
                0x000000000000985c                _i2c_target_driver_api_list_start = .
 *(SORT_BY_NAME(SORT_BY_ALIGNMENT(._i2c_target_driver_api.static.*)))
                0x000000000000985c                _i2c_target_driver_api_list_end = .

sensor_driver_api_area
                0x000000000000985c       0x54
                0x000000000000985c                _sensor_driver_api_list_start = .
 *(SORT_BY_NAME(SORT_BY_ALIGNMENT(._sensor_driver_api.static.*)))
 ._sensor_driver_api.static.lis2dh_driver_api_
                0x000000000000985c       0x1c zephyr/drivers/sensor/st/lis2dh/libdrivers__sensor__st__lis2dh.a(lis2dh.c.obj)
 ._sensor_driver_api.static.lis2mdl_driver_api_
                0x0000000000009878       0x1c zephyr/drivers/sensor/st/lis2mdl/libdrivers__sensor__st__lis2mdl.a(lis2mdl.c.obj)
 ._sensor_driver_api.static.temp_nrf5_driver_api_
                0x0000000000009894       0x1c zephyr/drivers/sensor/nordic/temp/libdrivers__sensor__nordic__temp.a(temp_nrf5.c.obj)
                0x00000000000098b0                _sensor_driver_api_list_end = .

shared_irq_driver_api_area
                0x00000000000098b0        0x0
                0x00000000000098b0                _shared_irq_driver_api_list_start = .
 *(SORT_BY_NAME(SORT_BY_ALIGNMENT(._shared_irq_driver_api.static.*)))
                0x00000000000098b0                _shared_irq_driver_api_list_end = .

crypto_driver_api_area
                0x00000000000098b0        0x0
                0x00000000000098b0                _crypto_driver_api_list_start = .
 *(SORT_BY_NAME(SORT_BY_ALIGNMENT(._crypto_driver_api.static.*)))
                0x00000000000098b0                _crypto_driver_api_list_end = .

adc_driver_api_area
                0x00000000000098b0        0x0
                0x00000000000098b0                _adc_driver_api_list_start = .
 *(SORT_BY_NAME(SORT_BY_ALIGNMENT(._adc_driver_api.static.*)))
                0x00000000000098b0                _adc_driver_api_list_end = .

auxdisplay_driver_api_area
                0x00000000000098b0        0x0
                0x00000000000098b0                _auxdisplay_driver_api_list_start = .
 *(SORT_BY_NAME(SORT_BY_ALIGNMENT(._auxdisplay_driver_api.static.*)))
                0x00000000000098b0                _auxdisplay_driver_api_list_end = .

bbram_driver_api_area
                0x00000000000098b0        0x0
                0x00000000000098b0                _bbram_driver_api_list_start = .
 *(SORT_BY_NAME(SORT_BY_ALIGNMENT(._bbram_driver_api.static.*)))
                0x00000000000098b0                _bbram_driver_api_list_end = .

bt_hci_driver_api_area
                0x00000000000098b0        0x0
                0x00000000000098b0                _bt_hci_driver_api_list_start = .
 *(SORT_BY_NAME(SORT_BY_ALIGNMENT(._bt_hci_driver_api.static.*)))
                0x00000000000098b0                _bt_hci_driver_api_list_end = .

can_driver_api_area
                0x00000000000098b0        0x0
                0x00000000000098b0                _can_driver_api_list_start = .
 *(SORT_BY_NAME(SORT_BY_ALIGNMENT(._can_driver_api.static.*)))
                0x00000000000098b0                _can_driver_api_list_end = .

cellular_driver_api_area
                0x00000000000098b0        0x0
                0x00000000000098b0                _cellular_driver_api_list_start = .
 *(SORT_BY_NAME(SORT_BY_ALIGNMENT(._cellular_driver_api.static.*)))
                0x00000000000098b0                _cellular_driver_api_list_end = .

charger_driver_api_area
                0x00000000000098b0        0x0
                0x00000000000098b0                _charger_driver_api_list_start = .
 *(SORT_BY_NAME(SORT_BY_ALIGNMENT(._charger_driver_api.static.*)))
                0x00000000000098b0                _charger_driver_api_list_end = .

clock_control_driver_api_area
                0x00000000000098b0       0x1c
                0x00000000000098b0                _clock_control_driver_api_list_start = .
 *(SORT_BY_NAME(SORT_BY_ALIGNMENT(._clock_control_driver_api.static.*)))
 ._clock_control_driver_api.static.clock_control_api_
                0x00000000000098b0       0x1c zephyr/drivers/clock_control/libdrivers__clock_control.a(clock_control_nrf.c.obj)
                0x00000000000098cc                _clock_control_driver_api_list_end = .

comparator_driver_api_area
                0x00000000000098cc        0x0
                0x00000000000098cc                _comparator_driver_api_list_start = .
 *(SORT_BY_NAME(SORT_BY_ALIGNMENT(._comparator_driver_api.static.*)))
                0x00000000000098cc                _comparator_driver_api_list_end = .

coredump_driver_api_area
                0x00000000000098cc        0x0
                0x00000000000098cc                _coredump_driver_api_list_start = .
 *(SORT_BY_NAME(SORT_BY_ALIGNMENT(._coredump_driver_api.static.*)))
                0x00000000000098cc                _coredump_driver_api_list_end = .

counter_driver_api_area
                0x00000000000098cc        0x0
                0x00000000000098cc                _counter_driver_api_list_start = .
 *(SORT_BY_NAME(SORT_BY_ALIGNMENT(._counter_driver_api.static.*)))
                0x00000000000098cc                _counter_driver_api_list_end = .

crc_driver_api_area
                0x00000000000098cc        0x0
                0x00000000000098cc                _crc_driver_api_list_start = .
 *(SORT_BY_NAME(SORT_BY_ALIGNMENT(._crc_driver_api.static.*)))
                0x00000000000098cc                _crc_driver_api_list_end = .

dac_driver_api_area
                0x00000000000098cc        0x0
                0x00000000000098cc                _dac_driver_api_list_start = .
 *(SORT_BY_NAME(SORT_BY_ALIGNMENT(._dac_driver_api.static.*)))
                0x00000000000098cc                _dac_driver_api_list_end = .

dai_driver_api_area
                0x00000000000098cc        0x0
                0x00000000000098cc                _dai_driver_api_list_start = .
 *(SORT_BY_NAME(SORT_BY_ALIGNMENT(._dai_driver_api.static.*)))
                0x00000000000098cc                _dai_driver_api_list_end = .

display_driver_api_area
                0x00000000000098cc       0x2c
                0x00000000000098cc                _display_driver_api_list_start = .
 *(SORT_BY_NAME(SORT_BY_ALIGNMENT(._display_driver_api.static.*)))
 ._display_driver_api.static.driver_api_
                0x00000000000098cc       0x2c zephyr/drivers/display/libdrivers__display.a(display_nrf_led_matrix.c.obj)
                0x00000000000098cc                driver_api
                0x00000000000098f8                _display_driver_api_list_end = .

dma_driver_api_area
                0x00000000000098f8        0x0
                0x00000000000098f8                _dma_driver_api_list_start = .
 *(SORT_BY_NAME(SORT_BY_ALIGNMENT(._dma_driver_api.static.*)))
                0x00000000000098f8                _dma_driver_api_list_end = .

edac_driver_api_area
                0x00000000000098f8        0x0
                0x00000000000098f8                _edac_driver_api_list_start = .
 *(SORT_BY_NAME(SORT_BY_ALIGNMENT(._edac_driver_api.static.*)))
                0x00000000000098f8                _edac_driver_api_list_end = .

eeprom_driver_api_area
                0x00000000000098f8        0x0
                0x00000000000098f8                _eeprom_driver_api_list_start = .
 *(SORT_BY_NAME(SORT_BY_ALIGNMENT(._eeprom_driver_api.static.*)))
                0x00000000000098f8                _eeprom_driver_api_list_end = .

emul_bbram_driver_api_area
                0x00000000000098f8        0x0
                0x00000000000098f8                _emul_bbram_driver_api_list_start = .
 *(SORT_BY_NAME(SORT_BY_ALIGNMENT(._emul_bbram_driver_api.static.*)))
                0x00000000000098f8                _emul_bbram_driver_api_list_end = .

fuel_gauge_emul_driver_api_area
                0x00000000000098f8        0x0
                0x00000000000098f8                _fuel_gauge_emul_driver_api_list_start = .
 *(SORT_BY_NAME(SORT_BY_ALIGNMENT(._fuel_gauge_emul_driver_api.static.*)))
                0x00000000000098f8                _fuel_gauge_emul_driver_api_list_end = .

emul_sensor_driver_api_area
                0x00000000000098f8        0x0
                0x00000000000098f8                _emul_sensor_driver_api_list_start = .
 *(SORT_BY_NAME(SORT_BY_ALIGNMENT(._emul_sensor_driver_api.static.*)))
                0x00000000000098f8                _emul_sensor_driver_api_list_end = .

entropy_driver_api_area
                0x00000000000098f8        0x0